Java HotSpot(TM) 64-Bit Server VM (25.191-b12) for windows-amd64 JRE (1.8.0_191-b12), built on Oct  6 2018 09:29:03 by "java_re" with MS VC++ 10.0 (VS2010)
Memory: 4k page, physical 8278180k(3848300k free), swap 12996772k(5728488k free)
CommandLine flags: -XX:CMSInitiatingOccupancyFraction=50 -XX:CMSMaxAbortablePrecleanTime=6000 -XX:+CMSParallelRemarkEnabled -XX:+CMSScavengeBeforeRemark -XX:ConcGCThreads=4 -XX:GCLogFileSize=20971520 -XX:InitialHeapSize=536870912 -XX:MaxHeapSize=536870912 -XX:MaxTenuringThreshold=8 -XX:NewRatio=3 -XX:NumberOfGCLogFiles=9 -XX:OldPLABSize=16 -XX:-OmitStackTraceInFastThrow -XX:ParallelGCThreads=4 -XX:+ParallelRefProcEnabled -XX:PretenureSizeThreshold=67108864 -XX:+PrintGC -XX:+PrintGCApplicationStoppedTime -XX:+PrintGCDateStamps -XX:+PrintGCDetails -XX:+PrintGCTimeStamps -XX:+PrintHeapAtGC -XX:+PrintTenuringDistribution -XX:SurvivorRatio=4 -XX:TargetSurvivorRatio=90 -XX:ThreadStackSize=256 -XX:+UseCMSInitiatingOccupancyOnly -XX:+UseCompressedClassPointers -XX:+UseCompressedOops -XX:+UseConcMarkSweepGC -XX:+UseGCLogFileRotation -XX:-UseLargePagesIndividualAllocation -XX:+UseParNewGC 
2019-01-11T10:16:37.497+0100: 0.157: Total time for which application threads were stopped: 0.0001079 seconds, Stopping threads took: 0.0000139 seconds
2019-01-11T10:16:38.507+0100: 1.164: Total time for which application threads were stopped: 0.0001327 seconds, Stopping threads took: 0.0000197 seconds
2019-01-11T10:16:38.601+0100: 1.269: Total time for which application threads were stopped: 0.0001138 seconds, Stopping threads took: 0.0000292 seconds
2019-01-11T10:16:39.609+0100: 2.266: Total time for which application threads were stopped: 0.0000686 seconds, Stopping threads took: 0.0000219 seconds
2019-01-11T10:16:40.193+0100: 2.865: Total time for which application threads were stopped: 0.0001225 seconds, Stopping threads took: 0.0000186 seconds
2019-01-11T10:16:40.286+0100: 2.951: Total time for which application threads were stopped: 0.0001316 seconds, Stopping threads took: 0.0000168 seconds
2019-01-11T10:16:40.443+0100: 3.108: Total time for which application threads were stopped: 0.0001940 seconds, Stopping threads took: 0.0000317 seconds
2019-01-11T10:16:40.724+0100: 3.386: Total time for which application threads were stopped: 0.0001079 seconds, Stopping threads took: 0.0000193 seconds
2019-01-11T10:16:40.818+0100: 3.485: Total time for which application threads were stopped: 0.0001648 seconds, Stopping threads took: 0.0000204 seconds
2019-01-11T10:16:40.833+0100: 3.491: Total time for which application threads were stopped: 0.0001885 seconds, Stopping threads took: 0.0000153 seconds
2019-01-11T10:16:40.896+0100: 3.556: Total time for which application threads were stopped: 0.0001674 seconds, Stopping threads took: 0.0000157 seconds
2019-01-11T10:16:41.333+0100: 3.997: Total time for which application threads were stopped: 0.0002126 seconds, Stopping threads took: 0.0000157 seconds
{Heap before GC invocations=0 (full 0):
 par new generation   total 109248K, used 87424K [0x00000000e0000000, 0x00000000e8000000, 0x00000000e8000000)
  eden space 87424K, 100% used [0x00000000e0000000, 0x00000000e5560000, 0x00000000e5560000)
  from space 21824K,   0% used [0x00000000e5560000, 0x00000000e5560000, 0x00000000e6ab0000)
  to   space 21824K,   0% used [0x00000000e6ab0000, 0x00000000e6ab0000, 0x00000000e8000000)
 concurrent mark-sweep generation total 393216K, used 0K [0x00000000e8000000, 0x0000000100000000, 0x0000000100000000)
 Metaspace       used 17546K, capacity 17946K, committed 18304K, reserved 1064960K
  class space    used 2160K, capacity 2322K, committed 2432K, reserved 1048576K
2019-01-11T10:16:41.364+0100: 4.025: [GC (Allocation Failure) 2019-01-11T10:16:41.364+0100: 4.025: [ParNew
Desired survivor size 20112992 bytes, new threshold 8 (max 8)
- age   1:   11290160 bytes,   11290160 total
: 87424K->11150K(109248K), 0.0082347 secs] 87424K->11150K(502464K), 0.0083587 secs] [Times: user=0.00 sys=0.00, real=0.00 secs] 
Heap after GC invocations=1 (full 0):
 par new generation   total 109248K, used 11150K [0x00000000e0000000, 0x00000000e8000000, 0x00000000e8000000)
  eden space 87424K,   0% used [0x00000000e0000000, 0x00000000e0000000, 0x00000000e5560000)
  from space 21824K,  51% used [0x00000000e6ab0000, 0x00000000e7593b58, 0x00000000e8000000)
  to   space 21824K,   0% used [0x00000000e5560000, 0x00000000e5560000, 0x00000000e6ab0000)
 concurrent mark-sweep generation total 393216K, used 0K [0x00000000e8000000, 0x0000000100000000, 0x0000000100000000)
 Metaspace       used 17546K, capacity 17946K, committed 18304K, reserved 1064960K
  class space    used 2160K, capacity 2322K, committed 2432K, reserved 1048576K
}
2019-01-11T10:16:41.364+0100: 4.034: Total time for which application threads were stopped: 0.0084998 seconds, Stopping threads took: 0.0000201 seconds
2019-01-11T10:16:41.442+0100: 4.099: Total time for which application threads were stopped: 0.0002141 seconds, Stopping threads took: 0.0000270 seconds
2019-01-11T10:16:41.572+0100: 4.229: Total time for which application threads were stopped: 0.0001605 seconds, Stopping threads took: 0.0000449 seconds
2019-01-11T10:16:41.871+0100: 4.528: Total time for which application threads were stopped: 0.0002396 seconds, Stopping threads took: 0.0000219 seconds
2019-01-11T10:16:41.879+0100: 4.536: Total time for which application threads were stopped: 0.0002582 seconds, Stopping threads took: 0.0000365 seconds
2019-01-11T10:16:41.880+0100: 4.537: Total time for which application threads were stopped: 0.0002793 seconds, Stopping threads took: 0.0000226 seconds
2019-01-11T10:16:41.886+0100: 4.543: Total time for which application threads were stopped: 0.0000660 seconds, Stopping threads took: 0.0000255 seconds
2019-01-11T10:16:41.898+0100: 4.554: Total time for which application threads were stopped: 0.0001036 seconds, Stopping threads took: 0.0000441 seconds
2019-01-11T10:16:41.923+0100: 4.579: Total time for which application threads were stopped: 0.0000594 seconds, Stopping threads took: 0.0000168 seconds
2019-01-11T10:16:41.926+0100: 4.582: Total time for which application threads were stopped: 0.0002724 seconds, Stopping threads took: 0.0000204 seconds
2019-01-11T10:16:41.929+0100: 4.585: Total time for which application threads were stopped: 0.0000463 seconds, Stopping threads took: 0.0000135 seconds
2019-01-11T10:16:41.940+0100: 4.598: Total time for which application threads were stopped: 0.0000996 seconds, Stopping threads took: 0.0000222 seconds
2019-01-11T10:16:41.956+0100: 4.614: Total time for which application threads were stopped: 0.0001207 seconds, Stopping threads took: 0.0000171 seconds
2019-01-11T10:16:42.099+0100: 4.770: Total time for which application threads were stopped: 0.0002345 seconds, Stopping threads took: 0.0000157 seconds
2019-01-11T10:16:42.099+0100: 4.770: Total time for which application threads were stopped: 0.0000514 seconds, Stopping threads took: 0.0000255 seconds
2019-01-11T10:16:42.145+0100: 4.802: Total time for which application threads were stopped: 0.0000846 seconds, Stopping threads took: 0.0000321 seconds
2019-01-11T10:16:42.176+0100: 4.833: Total time for which application threads were stopped: 0.0001025 seconds, Stopping threads took: 0.0000263 seconds
2019-01-11T10:16:42.180+0100: 4.837: Total time for which application threads were stopped: 0.0001145 seconds, Stopping threads took: 0.0000376 seconds
2019-01-11T10:16:42.191+0100: 4.848: Total time for which application threads were stopped: 0.0000759 seconds, Stopping threads took: 0.0000226 seconds
2019-01-11T10:16:42.217+0100: 4.874: Total time for which application threads were stopped: 0.0000689 seconds, Stopping threads took: 0.0000208 seconds
2019-01-11T10:16:42.248+0100: 4.905: Total time for which application threads were stopped: 0.0000700 seconds, Stopping threads took: 0.0000179 seconds
2019-01-11T10:16:42.282+0100: 4.939: Total time for which application threads were stopped: 0.0000583 seconds, Stopping threads took: 0.0000168 seconds
2019-01-11T10:16:42.296+0100: 4.954: Total time for which application threads were stopped: 0.0002662 seconds, Stopping threads took: 0.0000372 seconds
2019-01-11T10:16:42.303+0100: 4.961: Total time for which application threads were stopped: 0.0000813 seconds, Stopping threads took: 0.0000299 seconds
{Heap before GC invocations=1 (full 0):
 par new generation   total 109248K, used 98574K [0x00000000e0000000, 0x00000000e8000000, 0x00000000e8000000)
  eden space 87424K, 100% used [0x00000000e0000000, 0x00000000e5560000, 0x00000000e5560000)
  from space 21824K,  51% used [0x00000000e6ab0000, 0x00000000e7593b58, 0x00000000e8000000)
  to   space 21824K,   0% used [0x00000000e5560000, 0x00000000e5560000, 0x00000000e6ab0000)
 concurrent mark-sweep generation total 393216K, used 0K [0x00000000e8000000, 0x0000000100000000, 0x0000000100000000)
 Metaspace       used 24146K, capacity 24689K, committed 25204K, reserved 1071104K
  class space    used 2992K, capacity 3185K, committed 3248K, reserved 1048576K
2019-01-11T10:16:42.317+0100: 4.975: [GC (Allocation Failure) 2019-01-11T10:16:42.317+0100: 4.975: [ParNew
Desired survivor size 20112992 bytes, new threshold 8 (max 8)
- age   1:    6072248 bytes,    6072248 total
- age   2:    5146112 bytes,   11218360 total
: 98574K->13556K(109248K), 0.0103717 secs] 98574K->13556K(502464K), 0.0104289 secs] [Times: user=0.06 sys=0.00, real=0.01 secs] 
Heap after GC invocations=2 (full 0):
 par new generation   total 109248K, used 13556K [0x00000000e0000000, 0x00000000e8000000, 0x00000000e8000000)
  eden space 87424K,   0% used [0x00000000e0000000, 0x00000000e0000000, 0x00000000e5560000)
  from space 21824K,  62% used [0x00000000e5560000, 0x00000000e629d300, 0x00000000e6ab0000)
  to   space 21824K,   0% used [0x00000000e6ab0000, 0x00000000e6ab0000, 0x00000000e8000000)
 concurrent mark-sweep generation total 393216K, used 0K [0x00000000e8000000, 0x0000000100000000, 0x0000000100000000)
 Metaspace       used 24146K, capacity 24689K, committed 25204K, reserved 1071104K
  class space    used 2992K, capacity 3185K, committed 3248K, reserved 1048576K
}
2019-01-11T10:16:42.328+0100: 4.985: Total time for which application threads were stopped: 0.0106783 seconds, Stopping threads took: 0.0001141 seconds
2019-01-11T10:16:42.328+0100: 4.986: [GC (CMS Initial Mark) [1 CMS-initial-mark: 0K(393216K)] 15248K(502464K), 0.0017180 secs] [Times: user=0.00 sys=0.00, real=0.00 secs] 
2019-01-11T10:16:42.330+0100: 4.987: Total time for which application threads were stopped: 0.0019459 seconds, Stopping threads took: 0.0001685 seconds
2019-01-11T10:16:42.330+0100: 4.987: [CMS-concurrent-mark-start]
2019-01-11T10:16:42.330+0100: 4.988: [CMS-concurrent-mark: 0.000/0.000 secs] [Times: user=0.00 sys=0.00, real=0.00 secs] 
2019-01-11T10:16:42.330+0100: 4.988: [CMS-concurrent-preclean-start]
2019-01-11T10:16:42.331+0100: 4.988: Total time for which application threads were stopped: 0.0002101 seconds, Stopping threads took: 0.0001513 seconds
2019-01-11T10:16:42.331+0100: 4.989: [CMS-concurrent-preclean: 0.001/0.001 secs] [Times: user=0.00 sys=0.00, real=0.00 secs] 
2019-01-11T10:16:42.331+0100: 4.989: [GC (CMS Final Remark) [YG occupancy: 16997 K (109248 K)]{Heap before GC invocations=2 (full 1):
 par new generation   total 109248K, used 16997K [0x00000000e0000000, 0x00000000e8000000, 0x00000000e8000000)
  eden space 87424K,   3% used [0x00000000e0000000, 0x00000000e035c1a0, 0x00000000e5560000)
  from space 21824K,  62% used [0x00000000e5560000, 0x00000000e629d300, 0x00000000e6ab0000)
  to   space 21824K,   0% used [0x00000000e6ab0000, 0x00000000e6ab0000, 0x00000000e8000000)
 concurrent mark-sweep generation total 393216K, used 0K [0x00000000e8000000, 0x0000000100000000, 0x0000000100000000)
 Metaspace       used 24154K, capacity 24689K, committed 25204K, reserved 1071104K
  class space    used 2994K, capacity 3185K, committed 3248K, reserved 1048576K
2019-01-11T10:16:42.331+0100: 4.989: [GC (CMS Final Remark) 2019-01-11T10:16:42.331+0100: 4.989: [ParNew
Desired survivor size 20112992 bytes, new threshold 8 (max 8)
- age   1:       7080 bytes,       7080 total
- age   2:    4364872 bytes,    4371952 total
- age   3:    5108440 bytes,    9480392 total
: 16997K->14865K(109248K), 0.0068927 secs] 16997K->14865K(502464K), 0.0069437 secs] [Times: user=0.00 sys=0.00, real=0.01 secs] 
Heap after GC invocations=3 (full 1):
 par new generation   total 109248K, used 14865K [0x00000000e0000000, 0x00000000e8000000, 0x00000000e8000000)
  eden space 87424K,   0% used [0x00000000e0000000, 0x00000000e0000000, 0x00000000e5560000)
  from space 21824K,  68% used [0x00000000e6ab0000, 0x00000000e7934760, 0x00000000e8000000)
  to   space 21824K,   0% used [0x00000000e5560000, 0x00000000e5560000, 0x00000000e6ab0000)
 concurrent mark-sweep generation total 393216K, used 0K [0x00000000e8000000, 0x0000000100000000, 0x0000000100000000)
 Metaspace       used 24154K, capacity 24689K, committed 25204K, reserved 1071104K
  class space    used 2994K, capacity 3185K, committed 3248K, reserved 1048576K
}
2019-01-11T10:16:42.338+0100: 4.996: [Rescan (parallel) , 0.0019732 secs]2019-01-11T10:16:42.340+0100: 4.998: [weak refs processing, 0.0017027 secs]2019-01-11T10:16:42.342+0100: 5.000: [class unloading, 0.0023518 secs]2019-01-11T10:16:42.345+0100: 5.002: [scrub symbol table, 0.0023489 secs]2019-01-11T10:16:42.347+0100: 5.004: [scrub string table, 0.0002188 secs][1 CMS-remark: 0K(393216K)] 14865K(502464K), 0.0164088 secs] [Times: user=0.06 sys=0.00, real=0.02 secs] 
2019-01-11T10:16:42.348+0100: 5.005: Total time for which application threads were stopped: 0.0166276 seconds, Stopping threads took: 0.0001623 seconds
2019-01-11T10:16:42.348+0100: 5.005: [CMS-concurrent-sweep-start]
2019-01-11T10:16:42.348+0100: 5.005: [CMS-concurrent-sweep: 0.000/0.000 secs] [Times: user=0.00 sys=0.00, real=0.00 secs] 
2019-01-11T10:16:42.348+0100: 5.005: [CMS-concurrent-reset-start]
2019-01-11T10:16:42.349+0100: 5.006: Total time for which application threads were stopped: 0.0002049 seconds, Stopping threads took: 0.0001408 seconds
2019-01-11T10:16:42.350+0100: 5.007: Total time for which application threads were stopped: 0.0001302 seconds, Stopping threads took: 0.0000295 seconds
2019-01-11T10:16:42.351+0100: 5.008: Total time for which application threads were stopped: 0.0003599 seconds, Stopping threads took: 0.0002965 seconds
2019-01-11T10:16:42.351+0100: 5.009: Total time for which application threads were stopped: 0.0000813 seconds, Stopping threads took: 0.0000263 seconds
2019-01-11T10:16:42.352+0100: 5.009: Total time for which application threads were stopped: 0.0000853 seconds, Stopping threads took: 0.0000160 seconds
2019-01-11T10:16:42.352+0100: 5.009: [CMS-concurrent-reset: 0.003/0.004 secs] [Times: user=0.00 sys=0.00, real=0.00 secs] 
2019-01-11T10:16:42.352+0100: 5.009: Total time for which application threads were stopped: 0.0000988 seconds, Stopping threads took: 0.0000186 seconds
2019-01-11T10:16:50.542+0100: 13.200: Total time for which application threads were stopped: 0.0002323 seconds, Stopping threads took: 0.0000379 seconds
2019-01-11T10:16:50.543+0100: 13.200: Total time for which application threads were stopped: 0.0001254 seconds, Stopping threads took: 0.0000153 seconds
2019-01-11T10:16:50.543+0100: 13.200: Total time for which application threads were stopped: 0.0000886 seconds, Stopping threads took: 0.0000299 seconds
2019-01-11T10:16:50.543+0100: 13.201: Total time for which application threads were stopped: 0.0001182 seconds, Stopping threads took: 0.0000139 seconds
2019-01-11T10:16:50.601+0100: 13.258: Total time for which application threads were stopped: 0.0001229 seconds, Stopping threads took: 0.0000321 seconds
2019-01-11T10:16:50.601+0100: 13.258: Total time for which application threads were stopped: 0.0000824 seconds, Stopping threads took: 0.0000354 seconds
2019-01-11T10:16:50.601+0100: 13.259: Total time for which application threads were stopped: 0.0001006 seconds, Stopping threads took: 0.0000157 seconds
2019-01-11T10:16:50.602+0100: 13.259: Total time for which application threads were stopped: 0.0000755 seconds, Stopping threads took: 0.0000259 seconds
2019-01-11T10:16:50.603+0100: 13.260: Total time for which application threads were stopped: 0.0001499 seconds, Stopping threads took: 0.0000886 seconds
2019-01-11T10:16:50.603+0100: 13.260: Total time for which application threads were stopped: 0.0000919 seconds, Stopping threads took: 0.0000248 seconds
2019-01-11T10:16:50.603+0100: 13.260: Total time for which application threads were stopped: 0.0001244 seconds, Stopping threads took: 0.0000773 seconds
2019-01-11T10:16:50.603+0100: 13.261: Total time for which application threads were stopped: 0.0000912 seconds, Stopping threads took: 0.0000405 seconds
2019-01-11T10:16:50.604+0100: 13.261: Total time for which application threads were stopped: 0.0001710 seconds, Stopping threads took: 0.0001298 seconds
2019-01-11T10:16:50.605+0100: 13.263: Total time for which application threads were stopped: 0.0000930 seconds, Stopping threads took: 0.0000190 seconds
2019-01-11T10:16:50.607+0100: 13.264: Total time for which application threads were stopped: 0.0001601 seconds, Stopping threads took: 0.0001006 seconds
2019-01-11T10:16:50.619+0100: 13.276: Total time for which application threads were stopped: 0.0001036 seconds, Stopping threads took: 0.0000230 seconds
2019-01-11T10:16:50.619+0100: 13.276: Total time for which application threads were stopped: 0.0000638 seconds, Stopping threads took: 0.0000160 seconds
2019-01-11T10:16:50.619+0100: 13.276: Total time for which application threads were stopped: 0.0000489 seconds, Stopping threads took: 0.0000128 seconds
2019-01-11T10:16:50.619+0100: 13.276: Total time for which application threads were stopped: 0.0000547 seconds, Stopping threads took: 0.0000164 seconds
2019-01-11T10:16:50.636+0100: 13.293: Total time for which application threads were stopped: 0.0001488 seconds, Stopping threads took: 0.0000562 seconds
2019-01-11T10:16:50.637+0100: 13.294: Total time for which application threads were stopped: 0.0001036 seconds, Stopping threads took: 0.0000168 seconds
2019-01-11T10:16:50.655+0100: 13.312: Total time for which application threads were stopped: 0.0000937 seconds, Stopping threads took: 0.0000182 seconds
2019-01-11T10:16:50.655+0100: 13.313: Total time for which application threads were stopped: 0.0000722 seconds, Stopping threads took: 0.0000139 seconds
2019-01-11T10:16:50.657+0100: 13.315: Total time for which application threads were stopped: 0.0000817 seconds, Stopping threads took: 0.0000321 seconds
2019-01-11T10:16:50.658+0100: 13.316: Total time for which application threads were stopped: 0.0000755 seconds, Stopping threads took: 0.0000277 seconds
2019-01-11T10:16:50.659+0100: 13.316: Total time for which application threads were stopped: 0.0000791 seconds, Stopping threads took: 0.0000310 seconds
2019-01-11T10:16:50.659+0100: 13.317: Total time for which application threads were stopped: 0.0000481 seconds, Stopping threads took: 0.0000109 seconds
2019-01-11T10:16:50.660+0100: 13.318: Total time for which application threads were stopped: 0.0000500 seconds, Stopping threads took: 0.0000109 seconds
2019-01-11T10:16:50.661+0100: 13.318: Total time for which application threads were stopped: 0.0000500 seconds, Stopping threads took: 0.0000113 seconds
2019-01-11T10:16:50.662+0100: 13.319: Total time for which application threads were stopped: 0.0001251 seconds, Stopping threads took: 0.0000117 seconds
2019-01-11T10:16:51.265+0100: 13.937: Total time for which application threads were stopped: 0.0001211 seconds, Stopping threads took: 0.0000255 seconds
2019-01-11T10:16:51.265+0100: 13.937: Total time for which application threads were stopped: 0.0000912 seconds, Stopping threads took: 0.0000339 seconds
2019-01-11T10:16:51.281+0100: 13.938: Total time for which application threads were stopped: 0.0000948 seconds, Stopping threads took: 0.0000390 seconds
2019-01-11T10:16:51.281+0100: 13.938: Total time for which application threads were stopped: 0.0000788 seconds, Stopping threads took: 0.0000332 seconds
2019-01-11T10:16:51.281+0100: 13.939: Total time for which application threads were stopped: 0.0001466 seconds, Stopping threads took: 0.0000766 seconds
2019-01-11T10:16:51.281+0100: 13.940: Total time for which application threads were stopped: 0.0000729 seconds, Stopping threads took: 0.0000171 seconds
2019-01-11T10:16:51.281+0100: 13.940: Total time for which application threads were stopped: 0.0000904 seconds, Stopping threads took: 0.0000124 seconds
2019-01-11T10:16:52.707+0100: 15.365: Total time for which application threads were stopped: 0.0000988 seconds, Stopping threads took: 0.0000230 seconds
2019-01-11T10:16:52.707+0100: 15.365: Total time for which application threads were stopped: 0.0000335 seconds, Stopping threads took: 0.0000117 seconds
2019-01-11T10:16:52.707+0100: 15.365: Total time for which application threads were stopped: 0.0000492 seconds, Stopping threads took: 0.0000117 seconds
2019-01-11T10:16:52.707+0100: 15.365: Total time for which application threads were stopped: 0.0000474 seconds, Stopping threads took: 0.0000109 seconds
2019-01-11T10:16:52.707+0100: 15.366: Total time for which application threads were stopped: 0.0000412 seconds, Stopping threads took: 0.0000124 seconds
2019-01-11T10:16:52.707+0100: 15.366: Total time for which application threads were stopped: 0.0000540 seconds, Stopping threads took: 0.0000117 seconds
2019-01-11T10:16:52.707+0100: 15.368: Total time for which application threads were stopped: 0.0000576 seconds, Stopping threads took: 0.0000150 seconds
2019-01-11T10:16:52.707+0100: 15.368: Total time for which application threads were stopped: 0.0000317 seconds, Stopping threads took: 0.0000113 seconds
2019-01-11T10:16:52.707+0100: 15.368: Total time for which application threads were stopped: 0.0000470 seconds, Stopping threads took: 0.0000266 seconds
2019-01-11T10:16:52.707+0100: 15.369: Total time for which application threads were stopped: 0.0000321 seconds, Stopping threads took: 0.0000098 seconds
2019-01-11T10:16:52.707+0100: 15.369: Total time for which application threads were stopped: 0.0000292 seconds, Stopping threads took: 0.0000098 seconds
2019-01-11T10:16:52.707+0100: 15.369: Total time for which application threads were stopped: 0.0000511 seconds, Stopping threads took: 0.0000317 seconds
2019-01-11T10:16:52.707+0100: 15.369: Total time for which application threads were stopped: 0.0000638 seconds, Stopping threads took: 0.0000270 seconds
2019-01-11T10:16:52.707+0100: 15.377: Total time for which application threads were stopped: 0.0001185 seconds, Stopping threads took: 0.0000489 seconds
2019-01-11T10:16:52.722+0100: 15.382: Total time for which application threads were stopped: 0.0001003 seconds, Stopping threads took: 0.0000624 seconds
2019-01-11T10:16:52.722+0100: 15.387: Total time for which application threads were stopped: 0.0000966 seconds, Stopping threads took: 0.0000390 seconds
2019-01-11T10:16:52.722+0100: 15.387: Total time for which application threads were stopped: 0.0002494 seconds, Stopping threads took: 0.0000124 seconds
2019-01-11T10:16:52.722+0100: 15.391: Total time for which application threads were stopped: 0.0000565 seconds, Stopping threads took: 0.0000230 seconds
2019-01-11T10:16:52.722+0100: 15.394: Total time for which application threads were stopped: 0.0000547 seconds, Stopping threads took: 0.0000219 seconds
2019-01-11T10:16:52.738+0100: 15.402: Total time for which application threads were stopped: 0.0000773 seconds, Stopping threads took: 0.0000397 seconds
2019-01-11T10:16:52.753+0100: 15.412: Total time for which application threads were stopped: 0.0000693 seconds, Stopping threads took: 0.0000255 seconds
2019-01-11T10:16:52.753+0100: 15.412: Total time for which application threads were stopped: 0.0000485 seconds, Stopping threads took: 0.0000153 seconds
2019-01-11T10:16:52.753+0100: 15.412: Total time for which application threads were stopped: 0.0000397 seconds, Stopping threads took: 0.0000139 seconds
2019-01-11T10:16:52.753+0100: 15.414: Total time for which application threads were stopped: 0.0000974 seconds, Stopping threads took: 0.0000452 seconds
2019-01-11T10:16:52.753+0100: 15.415: Total time for which application threads were stopped: 0.0001470 seconds, Stopping threads took: 0.0000985 seconds
2019-01-11T10:16:52.753+0100: 15.415: Total time for which application threads were stopped: 0.0000780 seconds, Stopping threads took: 0.0000423 seconds
2019-01-11T10:16:52.769+0100: 15.428: Total time for which application threads were stopped: 0.0000926 seconds, Stopping threads took: 0.0000449 seconds
2019-01-11T10:16:52.769+0100: 15.432: Total time for which application threads were stopped: 0.0001025 seconds, Stopping threads took: 0.0000456 seconds
2019-01-11T10:16:52.769+0100: 15.433: Total time for which application threads were stopped: 0.0001123 seconds, Stopping threads took: 0.0000405 seconds
2019-01-11T10:16:52.785+0100: 15.442: Total time for which application threads were stopped: 0.0000977 seconds, Stopping threads took: 0.0000255 seconds
2019-01-11T10:16:52.800+0100: 15.460: Total time for which application threads were stopped: 0.0001123 seconds, Stopping threads took: 0.0000241 seconds
2019-01-11T10:16:52.800+0100: 15.462: Total time for which application threads were stopped: 0.0001240 seconds, Stopping threads took: 0.0000416 seconds
2019-01-11T10:16:52.800+0100: 15.466: Total time for which application threads were stopped: 0.0000915 seconds, Stopping threads took: 0.0000529 seconds
2019-01-11T10:16:52.800+0100: 15.466: Total time for which application threads were stopped: 0.0000511 seconds, Stopping threads took: 0.0000212 seconds
2019-01-11T10:16:52.800+0100: 15.466: Total time for which application threads were stopped: 0.0000518 seconds, Stopping threads took: 0.0000186 seconds
2019-01-11T10:16:52.800+0100: 15.466: Total time for which application threads were stopped: 0.0000463 seconds, Stopping threads took: 0.0000160 seconds
2019-01-11T10:16:52.800+0100: 15.467: Total time for which application threads were stopped: 0.0000445 seconds, Stopping threads took: 0.0000157 seconds
2019-01-11T10:16:52.800+0100: 15.467: Total time for which application threads were stopped: 0.0000583 seconds, Stopping threads took: 0.0000346 seconds
2019-01-11T10:16:52.800+0100: 15.467: Total time for which application threads were stopped: 0.0000558 seconds, Stopping threads took: 0.0000248 seconds
2019-01-11T10:16:52.800+0100: 15.468: Total time for which application threads were stopped: 0.0000408 seconds, Stopping threads took: 0.0000171 seconds
2019-01-11T10:16:52.800+0100: 15.468: Total time for which application threads were stopped: 0.0000667 seconds, Stopping threads took: 0.0000310 seconds
2019-01-11T10:16:52.800+0100: 15.468: Total time for which application threads were stopped: 0.0000693 seconds, Stopping threads took: 0.0000222 seconds
2019-01-11T10:16:52.800+0100: 15.468: Total time for which application threads were stopped: 0.0000397 seconds, Stopping threads took: 0.0000153 seconds
2019-01-11T10:16:52.800+0100: 15.468: Total time for which application threads were stopped: 0.0000554 seconds, Stopping threads took: 0.0000303 seconds
2019-01-11T10:16:52.800+0100: 15.468: Total time for which application threads were stopped: 0.0000419 seconds, Stopping threads took: 0.0000179 seconds
2019-01-11T10:16:52.800+0100: 15.468: Total time for which application threads were stopped: 0.0000401 seconds, Stopping threads took: 0.0000171 seconds
2019-01-11T10:16:52.832+0100: 15.489: Total time for which application threads were stopped: 0.0001998 seconds, Stopping threads took: 0.0001389 seconds
2019-01-11T10:16:52.832+0100: 15.489: Total time for which application threads were stopped: 0.0000678 seconds, Stopping threads took: 0.0000179 seconds
2019-01-11T10:16:52.847+0100: 15.518: Total time for which application threads were stopped: 0.0001506 seconds, Stopping threads took: 0.0000376 seconds
2019-01-11T10:16:52.847+0100: 15.518: Total time for which application threads were stopped: 0.0000945 seconds, Stopping threads took: 0.0000343 seconds
2019-01-11T10:16:52.847+0100: 15.518: Total time for which application threads were stopped: 0.0000656 seconds, Stopping threads took: 0.0000295 seconds
2019-01-11T10:16:52.847+0100: 15.518: Total time for which application threads were stopped: 0.0000500 seconds, Stopping threads took: 0.0000160 seconds
2019-01-11T10:16:52.847+0100: 15.518: Total time for which application threads were stopped: 0.0000726 seconds, Stopping threads took: 0.0000270 seconds
2019-01-11T10:16:52.847+0100: 15.518: Total time for which application threads were stopped: 0.0000576 seconds, Stopping threads took: 0.0000263 seconds
2019-01-11T10:16:52.847+0100: 15.519: Total time for which application threads were stopped: 0.0000405 seconds, Stopping threads took: 0.0000142 seconds
2019-01-11T10:16:52.847+0100: 15.519: Total time for which application threads were stopped: 0.0001470 seconds, Stopping threads took: 0.0000303 seconds
{Heap before GC invocations=3 (full 1):
 par new generation   total 109248K, used 102289K [0x00000000e0000000, 0x00000000e8000000, 0x00000000e8000000)
  eden space 87424K, 100% used [0x00000000e0000000, 0x00000000e5560000, 0x00000000e5560000)
  from space 21824K,  68% used [0x00000000e6ab0000, 0x00000000e7934760, 0x00000000e8000000)
  to   space 21824K,   0% used [0x00000000e5560000, 0x00000000e5560000, 0x00000000e6ab0000)
 concurrent mark-sweep generation total 393216K, used 0K [0x00000000e8000000, 0x0000000100000000, 0x0000000100000000)
 Metaspace       used 29159K, capacity 29849K, committed 30068K, reserved 1075200K
  class space    used 3691K, capacity 3933K, committed 4016K, reserved 1048576K
2019-01-11T10:16:53.389+0100: 16.050: [GC (Allocation Failure) 2019-01-11T10:16:53.389+0100: 16.050: [ParNew
Desired survivor size 20112992 bytes, new threshold 8 (max 8)
- age   1:    6594416 bytes,    6594416 total
- age   2:       1032 bytes,    6595448 total
- age   3:    2755400 bytes,    9350848 total
- age   4:    4992704 bytes,   14343552 total
: 102289K->16771K(109248K), 0.0113275 secs] 102289K->16771K(502464K), 0.0114004 secs] [Times: user=0.00 sys=0.00, real=0.00 secs] 
Heap after GC invocations=4 (full 1):
 par new generation   total 109248K, used 16771K [0x00000000e0000000, 0x00000000e8000000, 0x00000000e8000000)
  eden space 87424K,   0% used [0x00000000e0000000, 0x00000000e0000000, 0x00000000e5560000)
  from space 21824K,  76% used [0x00000000e5560000, 0x00000000e65c0c10, 0x00000000e6ab0000)
  to   space 21824K,   0% used [0x00000000e6ab0000, 0x00000000e6ab0000, 0x00000000e8000000)
 concurrent mark-sweep generation total 393216K, used 0K [0x00000000e8000000, 0x0000000100000000, 0x0000000100000000)
 Metaspace       used 29159K, capacity 29849K, committed 30068K, reserved 1075200K
  class space    used 3691K, capacity 3933K, committed 4016K, reserved 1048576K
}
2019-01-11T10:16:53.389+0100: 16.061: Total time for which application threads were stopped: 0.0115674 seconds, Stopping threads took: 0.0000259 seconds
2019-01-11T10:16:53.436+0100: 16.093: Total time for which application threads were stopped: 0.0315602 seconds, Stopping threads took: 0.0314807 seconds
2019-01-11T10:16:53.436+0100: 16.093: Total time for which application threads were stopped: 0.0000952 seconds, Stopping threads took: 0.0000481 seconds
2019-01-11T10:16:53.483+0100: 16.141: Total time for which application threads were stopped: 0.0004438 seconds, Stopping threads took: 0.0000233 seconds
2019-01-11T10:16:53.498+0100: 16.161: Total time for which application threads were stopped: 0.0004062 seconds, Stopping threads took: 0.0000481 seconds
2019-01-11T10:16:53.514+0100: 16.182: Total time for which application threads were stopped: 0.0000671 seconds, Stopping threads took: 0.0000255 seconds
2019-01-11T10:16:53.561+0100: 16.219: Total time for which application threads were stopped: 0.0001353 seconds, Stopping threads took: 0.0000401 seconds
2019-01-11T10:16:53.561+0100: 16.225: Total time for which application threads were stopped: 0.0000839 seconds, Stopping threads took: 0.0000361 seconds
2019-01-11T10:16:53.592+0100: 16.250: Total time for which application threads were stopped: 0.0000955 seconds, Stopping threads took: 0.0000430 seconds
2019-01-11T10:16:53.592+0100: 16.250: Total time for which application threads were stopped: 0.0000675 seconds, Stopping threads took: 0.0000164 seconds
2019-01-11T10:16:53.592+0100: 16.250: Total time for which application threads were stopped: 0.0000328 seconds, Stopping threads took: 0.0000128 seconds
2019-01-11T10:16:53.592+0100: 16.251: Total time for which application threads were stopped: 0.0001025 seconds, Stopping threads took: 0.0000350 seconds
2019-01-11T10:16:53.592+0100: 16.252: Total time for which application threads were stopped: 0.0001010 seconds, Stopping threads took: 0.0000259 seconds
2019-01-11T10:16:53.592+0100: 16.255: Total time for which application threads were stopped: 0.0000883 seconds, Stopping threads took: 0.0000263 seconds
2019-01-11T10:16:53.592+0100: 16.255: Total time for which application threads were stopped: 0.0001331 seconds, Stopping threads took: 0.0000839 seconds
2019-01-11T10:16:53.592+0100: 16.256: Total time for which application threads were stopped: 0.0000602 seconds, Stopping threads took: 0.0000164 seconds
2019-01-11T10:16:53.592+0100: 16.256: Total time for which application threads were stopped: 0.0000438 seconds, Stopping threads took: 0.0000157 seconds
2019-01-11T10:16:53.592+0100: 16.256: Total time for which application threads were stopped: 0.0001149 seconds, Stopping threads took: 0.0000868 seconds
2019-01-11T10:16:53.592+0100: 16.256: Total time for which application threads were stopped: 0.0000456 seconds, Stopping threads took: 0.0000171 seconds
2019-01-11T10:16:53.592+0100: 16.256: Total time for which application threads were stopped: 0.0000543 seconds, Stopping threads took: 0.0000321 seconds
2019-01-11T10:16:53.592+0100: 16.256: Total time for which application threads were stopped: 0.0000463 seconds, Stopping threads took: 0.0000219 seconds
2019-01-11T10:16:53.592+0100: 16.258: Total time for which application threads were stopped: 0.0000715 seconds, Stopping threads took: 0.0000368 seconds
2019-01-11T10:16:53.608+0100: 16.269: Total time for which application threads were stopped: 0.0001229 seconds, Stopping threads took: 0.0000241 seconds
{Heap before GC invocations=4 (full 1):
 par new generation   total 109248K, used 104195K [0x00000000e0000000, 0x00000000e8000000, 0x00000000e8000000)
  eden space 87424K, 100% used [0x00000000e0000000, 0x00000000e5560000, 0x00000000e5560000)
  from space 21824K,  76% used [0x00000000e5560000, 0x00000000e65c0c10, 0x00000000e6ab0000)
  to   space 21824K,   0% used [0x00000000e6ab0000, 0x00000000e6ab0000, 0x00000000e8000000)
 concurrent mark-sweep generation total 393216K, used 0K [0x00000000e8000000, 0x0000000100000000, 0x0000000100000000)
 Metaspace       used 30774K, capacity 31519K, committed 31732K, reserved 1077248K
  class space    used 3881K, capacity 4106K, committed 4144K, reserved 1048576K
2019-01-11T10:16:53.655+0100: 16.318: [GC (Allocation Failure) 2019-01-11T10:16:53.655+0100: 16.318: [ParNew
Desired survivor size 20112992 bytes, new threshold 8 (max 8)
- age   1:    2308976 bytes,    2308976 total
- age   2:    2297936 bytes,    4606912 total
- age   3:       1032 bytes,    4607944 total
- age   4:    2739840 bytes,    7347784 total
- age   5:    4975464 bytes,   12323248 total
: 104195K->17554K(109248K), 0.0074842 secs] 104195K->17554K(502464K), 0.0075462 secs] [Times: user=0.00 sys=0.00, real=0.00 secs] 
Heap after GC invocations=5 (full 1):
 par new generation   total 109248K, used 17554K [0x00000000e0000000, 0x00000000e8000000, 0x00000000e8000000)
  eden space 87424K,   0% used [0x00000000e0000000, 0x00000000e0000000, 0x00000000e5560000)
  from space 21824K,  80% used [0x00000000e6ab0000, 0x00000000e7bd4b50, 0x00000000e8000000)
  to   space 21824K,   0% used [0x00000000e5560000, 0x00000000e5560000, 0x00000000e6ab0000)
 concurrent mark-sweep generation total 393216K, used 0K [0x00000000e8000000, 0x0000000100000000, 0x0000000100000000)
 Metaspace       used 30774K, capacity 31519K, committed 31732K, reserved 1077248K
  class space    used 3881K, capacity 4106K, committed 4144K, reserved 1048576K
}
2019-01-11T10:16:53.655+0100: 16.325: Total time for which application threads were stopped: 0.0077519 seconds, Stopping threads took: 0.0000602 seconds
2019-01-11T10:16:53.686+0100: 16.349: Total time for which application threads were stopped: 0.0000934 seconds, Stopping threads took: 0.0000259 seconds
{Heap before GC invocations=5 (full 1):
 par new generation   total 109248K, used 104978K [0x00000000e0000000, 0x00000000e8000000, 0x00000000e8000000)
  eden space 87424K, 100% used [0x00000000e0000000, 0x00000000e5560000, 0x00000000e5560000)
  from space 21824K,  80% used [0x00000000e6ab0000, 0x00000000e7bd4b50, 0x00000000e8000000)
  to   space 21824K,   0% used [0x00000000e5560000, 0x00000000e5560000, 0x00000000e6ab0000)
 concurrent mark-sweep generation total 393216K, used 0K [0x00000000e8000000, 0x0000000100000000, 0x0000000100000000)
 Metaspace       used 31171K, capacity 31933K, committed 32372K, reserved 1077248K
  class space    used 3934K, capacity 4177K, committed 4272K, reserved 1048576K
2019-01-11T10:16:53.764+0100: 16.425: [GC (Allocation Failure) 2019-01-11T10:16:53.764+0100: 16.425: [ParNew
Desired survivor size 20112992 bytes, new threshold 8 (max 8)
- age   1:     522296 bytes,     522296 total
- age   2:    1022920 bytes,    1545216 total
- age   3:    2285272 bytes,    3830488 total
- age   4:       1032 bytes,    3831520 total
- age   5:    2739648 bytes,    6571168 total
- age   6:    4973824 bytes,   11544992 total
: 104978K->16736K(109248K), 0.0081749 secs] 104978K->16736K(502464K), 0.0082843 secs] [Times: user=0.00 sys=0.00, real=0.00 secs] 
Heap after GC invocations=6 (full 1):
 par new generation   total 109248K, used 16736K [0x00000000e0000000, 0x00000000e8000000, 0x00000000e8000000)
  eden space 87424K,   0% used [0x00000000e0000000, 0x00000000e0000000, 0x00000000e5560000)
  from space 21824K,  76% used [0x00000000e5560000, 0x00000000e65b83e8, 0x00000000e6ab0000)
  to   space 21824K,   0% used [0x00000000e6ab0000, 0x00000000e6ab0000, 0x00000000e8000000)
 concurrent mark-sweep generation total 393216K, used 0K [0x00000000e8000000, 0x0000000100000000, 0x0000000100000000)
 Metaspace       used 31171K, capacity 31933K, committed 32372K, reserved 1077248K
  class space    used 3934K, capacity 4177K, committed 4272K, reserved 1048576K
}
2019-01-11T10:16:53.764+0100: 16.433: Total time for which application threads were stopped: 0.0084805 seconds, Stopping threads took: 0.0000525 seconds
2019-01-11T10:16:53.795+0100: 16.465: Total time for which application threads were stopped: 0.0000908 seconds, Stopping threads took: 0.0000212 seconds
2019-01-11T10:16:53.811+0100: 16.469: Total time for which application threads were stopped: 0.0001098 seconds, Stopping threads took: 0.0000489 seconds
2019-01-11T10:16:53.811+0100: 16.471: Total time for which application threads were stopped: 0.0000507 seconds, Stopping threads took: 0.0000142 seconds
2019-01-11T10:16:53.811+0100: 16.471: Total time for which application threads were stopped: 0.0000788 seconds, Stopping threads took: 0.0000449 seconds
2019-01-11T10:16:53.811+0100: 16.472: Total time for which application threads were stopped: 0.0000904 seconds, Stopping threads took: 0.0000390 seconds
2019-01-11T10:16:53.842+0100: 16.513: Total time for which application threads were stopped: 0.0000707 seconds, Stopping threads took: 0.0000335 seconds
2019-01-11T10:16:53.905+0100: 16.568: Total time for which application threads were stopped: 0.0003526 seconds, Stopping threads took: 0.0000233 seconds
2019-01-11T10:16:54.154+0100: 16.823: Total time for which application threads were stopped: 0.0001338 seconds, Stopping threads took: 0.0000481 seconds
2019-01-11T10:16:54.154+0100: 16.823: Total time for which application threads were stopped: 0.0001936 seconds, Stopping threads took: 0.0001368 seconds
2019-01-11T10:16:54.154+0100: 16.824: Total time for which application threads were stopped: 0.0000507 seconds, Stopping threads took: 0.0000146 seconds
2019-01-11T10:16:54.154+0100: 16.824: Total time for which application threads were stopped: 0.0000620 seconds, Stopping threads took: 0.0000124 seconds
2019-01-11T10:16:54.154+0100: 16.824: Total time for which application threads were stopped: 0.0001616 seconds, Stopping threads took: 0.0001222 seconds
2019-01-11T10:16:54.154+0100: 16.824: Total time for which application threads were stopped: 0.0001696 seconds, Stopping threads took: 0.0001287 seconds
2019-01-11T10:16:54.170+0100: 16.834: Total time for which application threads were stopped: 0.0003515 seconds, Stopping threads took: 0.0000244 seconds
2019-01-11T10:16:54.186+0100: 16.855: Total time for which application threads were stopped: 0.0001685 seconds, Stopping threads took: 0.0000842 seconds
2019-01-11T10:16:54.186+0100: 16.856: Total time for which application threads were stopped: 0.0001236 seconds, Stopping threads took: 0.0000405 seconds
2019-01-11T10:16:54.279+0100: 16.948: Total time for which application threads were stopped: 0.0000671 seconds, Stopping threads took: 0.0000281 seconds
{Heap before GC invocations=6 (full 1):
 par new generation   total 109248K, used 104160K [0x00000000e0000000, 0x00000000e8000000, 0x00000000e8000000)
  eden space 87424K, 100% used [0x00000000e0000000, 0x00000000e5560000, 0x00000000e5560000)
  from space 21824K,  76% used [0x00000000e5560000, 0x00000000e65b83e8, 0x00000000e6ab0000)
  to   space 21824K,   0% used [0x00000000e6ab0000, 0x00000000e6ab0000, 0x00000000e8000000)
 concurrent mark-sweep generation total 393216K, used 0K [0x00000000e8000000, 0x0000000100000000, 0x0000000100000000)
 Metaspace       used 34536K, capacity 35397K, committed 35700K, reserved 1081344K
  class space    used 4384K, capacity 4659K, committed 4784K, reserved 1048576K
2019-01-11T10:16:54.326+0100: 16.994: [GC (Allocation Failure) 2019-01-11T10:16:54.326+0100: 16.994: [ParNew
Desired survivor size 20112992 bytes, new threshold 8 (max 8)
- age   1:    4217936 bytes,    4217936 total
- age   2:     176568 bytes,    4394504 total
- age   3:     457216 bytes,    4851720 total
- age   4:    2276048 bytes,    7127768 total
- age   5:       1032 bytes,    7128800 total
- age   6:    2736696 bytes,    9865496 total
- age   7:    4970504 bytes,   14836000 total
: 104160K->18262K(109248K), 0.0102776 secs] 104160K->18262K(502464K), 0.0103476 secs] [Times: user=0.09 sys=0.00, real=0.02 secs] 
Heap after GC invocations=7 (full 1):
 par new generation   total 109248K, used 18262K [0x00000000e0000000, 0x00000000e8000000, 0x00000000e8000000)
  eden space 87424K,   0% used [0x00000000e0000000, 0x00000000e0000000, 0x00000000e5560000)
  from space 21824K,  83% used [0x00000000e6ab0000, 0x00000000e7c85a60, 0x00000000e8000000)
  to   space 21824K,   0% used [0x00000000e5560000, 0x00000000e5560000, 0x00000000e6ab0000)
 concurrent mark-sweep generation total 393216K, used 0K [0x00000000e8000000, 0x0000000100000000, 0x0000000100000000)
 Metaspace       used 34536K, capacity 35397K, committed 35700K, reserved 1081344K
  class space    used 4384K, capacity 4659K, committed 4784K, reserved 1048576K
}
2019-01-11T10:16:54.342+0100: 17.005: Total time for which application threads were stopped: 0.0105792 seconds, Stopping threads took: 0.0000365 seconds
2019-01-11T10:16:54.389+0100: 17.049: Total time for which application threads were stopped: 0.0000675 seconds, Stopping threads took: 0.0000255 seconds
2019-01-11T10:16:54.389+0100: 17.050: Total time for which application threads were stopped: 0.0000427 seconds, Stopping threads took: 0.0000171 seconds
2019-01-11T10:16:54.389+0100: 17.056: Total time for which application threads were stopped: 0.0000904 seconds, Stopping threads took: 0.0000452 seconds
2019-01-11T10:16:54.389+0100: 17.057: Total time for which application threads were stopped: 0.0000591 seconds, Stopping threads took: 0.0000233 seconds
2019-01-11T10:16:55.389+0100: 18.046: Total time for which application threads were stopped: 0.0001116 seconds, Stopping threads took: 0.0000237 seconds
2019-01-11T10:16:59.061+0100: 21.731: Total time for which application threads were stopped: 0.0000740 seconds, Stopping threads took: 0.0000248 seconds
2019-01-11T10:16:59.077+0100: 21.736: Total time for which application threads were stopped: 0.0002414 seconds, Stopping threads took: 0.0001874 seconds
2019-01-11T10:16:59.265+0100: 21.921: Total time for which application threads were stopped: 0.0004558 seconds, Stopping threads took: 0.0000201 seconds
2019-01-11T10:16:59.390+0100: 22.058: Total time for which application threads were stopped: 0.0000802 seconds, Stopping threads took: 0.0000335 seconds
2019-01-11T10:16:59.405+0100: 22.072: Total time for which application threads were stopped: 0.0003384 seconds, Stopping threads took: 0.0000230 seconds
{Heap before GC invocations=7 (full 1):
 par new generation   total 109248K, used 105686K [0x00000000e0000000, 0x00000000e8000000, 0x00000000e8000000)
  eden space 87424K, 100% used [0x00000000e0000000, 0x00000000e5560000, 0x00000000e5560000)
  from space 21824K,  83% used [0x00000000e6ab0000, 0x00000000e7c85a60, 0x00000000e8000000)
  to   space 21824K,   0% used [0x00000000e5560000, 0x00000000e5560000, 0x00000000e6ab0000)
 concurrent mark-sweep generation total 393216K, used 0K [0x00000000e8000000, 0x0000000100000000, 0x0000000100000000)
 Metaspace       used 38185K, capacity 39239K, committed 39412K, reserved 1083392K
  class space    used 4850K, capacity 5118K, committed 5168K, reserved 1048576K
2019-01-11T10:16:59.421+0100: 22.081: [GC (Allocation Failure) 2019-01-11T10:16:59.421+0100: 22.081: [ParNew
Desired survivor size 20112992 bytes, new threshold 8 (max 8)
- age   1:    6920928 bytes,    6920928 total
- age   2:    1338360 bytes,    8259288 total
- age   3:     175200 bytes,    8434488 total
- age   4:     443248 bytes,    8877736 total
- age   5:    2241744 bytes,   11119480 total
- age   6:       1032 bytes,   11120512 total
- age   7:    2732888 bytes,   13853400 total
- age   8:    4972288 bytes,   18825688 total
: 105686K->21824K(109248K), 0.0132573 secs] 105686K->22138K(502464K), 0.0133259 secs] [Times: user=0.02 sys=0.00, real=0.02 secs] 
Heap after GC invocations=8 (full 1):
 par new generation   total 109248K, used 21824K [0x00000000e0000000, 0x00000000e8000000, 0x00000000e8000000)
  eden space 87424K,   0% used [0x00000000e0000000, 0x00000000e0000000, 0x00000000e5560000)
  from space 21824K, 100% used [0x00000000e5560000, 0x00000000e6ab0000, 0x00000000e6ab0000)
  to   space 21824K,   0% used [0x00000000e6ab0000, 0x00000000e6ab0000, 0x00000000e8000000)
 concurrent mark-sweep generation total 393216K, used 314K [0x00000000e8000000, 0x0000000100000000, 0x0000000100000000)
 Metaspace       used 38185K, capacity 39239K, committed 39412K, reserved 1083392K
  class space    used 4850K, capacity 5118K, committed 5168K, reserved 1048576K
}
2019-01-11T10:16:59.436+0100: 22.094: Total time for which application threads were stopped: 0.0134896 seconds, Stopping threads took: 0.0000419 seconds
2019-01-11T10:16:59.436+0100: 22.095: Total time for which application threads were stopped: 0.0002039 seconds, Stopping threads took: 0.0001506 seconds
2019-01-11T10:16:59.468+0100: 22.130: Total time for which application threads were stopped: 0.0001043 seconds, Stopping threads took: 0.0000394 seconds
2019-01-11T10:16:59.468+0100: 22.138: Total time for which application threads were stopped: 0.0002491 seconds, Stopping threads took: 0.0001258 seconds
2019-01-11T10:16:59.468+0100: 22.138: Total time for which application threads were stopped: 0.0001251 seconds, Stopping threads took: 0.0000525 seconds
2019-01-11T10:16:59.514+0100: 22.181: Total time for which application threads were stopped: 0.0001400 seconds, Stopping threads took: 0.0000799 seconds
2019-01-11T10:16:59.514+0100: 22.182: Total time for which application threads were stopped: 0.0000934 seconds, Stopping threads took: 0.0000222 seconds
2019-01-11T10:16:59.514+0100: 22.183: Total time for which application threads were stopped: 0.0000689 seconds, Stopping threads took: 0.0000303 seconds
2019-01-11T10:16:59.514+0100: 22.183: Total time for which application threads were stopped: 0.0000707 seconds, Stopping threads took: 0.0000394 seconds
2019-01-11T10:16:59.561+0100: 22.220: Total time for which application threads were stopped: 0.0000893 seconds, Stopping threads took: 0.0000518 seconds
2019-01-11T10:16:59.561+0100: 22.220: Total time for which application threads were stopped: 0.0000310 seconds, Stopping threads took: 0.0000113 seconds
2019-01-11T10:16:59.561+0100: 22.220: Total time for which application threads were stopped: 0.0000295 seconds, Stopping threads took: 0.0000109 seconds
2019-01-11T10:16:59.702+0100: 22.360: Total time for which application threads were stopped: 0.0000558 seconds, Stopping threads took: 0.0000186 seconds
2019-01-11T10:16:59.702+0100: 22.360: Total time for which application threads were stopped: 0.0000325 seconds, Stopping threads took: 0.0000120 seconds
2019-01-11T10:16:59.702+0100: 22.360: Total time for which application threads were stopped: 0.0000445 seconds, Stopping threads took: 0.0000113 seconds
2019-01-11T10:16:59.702+0100: 22.360: Total time for which application threads were stopped: 0.0000292 seconds, Stopping threads took: 0.0000106 seconds
2019-01-11T10:16:59.702+0100: 22.361: Total time for which application threads were stopped: 0.0000423 seconds, Stopping threads took: 0.0000244 seconds
2019-01-11T10:16:59.702+0100: 22.361: Total time for which application threads were stopped: 0.0000288 seconds, Stopping threads took: 0.0000109 seconds
2019-01-11T10:16:59.702+0100: 22.362: Total time for which application threads were stopped: 0.0000583 seconds, Stopping threads took: 0.0000306 seconds
2019-01-11T10:16:59.702+0100: 22.362: Total time for which application threads were stopped: 0.0000470 seconds, Stopping threads took: 0.0000252 seconds
2019-01-11T10:16:59.702+0100: 22.363: Total time for which application threads were stopped: 0.0000288 seconds, Stopping threads took: 0.0000109 seconds
2019-01-11T10:16:59.702+0100: 22.363: Total time for which application threads were stopped: 0.0000445 seconds, Stopping threads took: 0.0000113 seconds
2019-01-11T10:16:59.702+0100: 22.363: Total time for which application threads were stopped: 0.0000649 seconds, Stopping threads took: 0.0000274 seconds
2019-01-11T10:16:59.702+0100: 22.363: Total time for which application threads were stopped: 0.0000306 seconds, Stopping threads took: 0.0000117 seconds
2019-01-11T10:16:59.702+0100: 22.363: Total time for which application threads were stopped: 0.0000295 seconds, Stopping threads took: 0.0000113 seconds
2019-01-11T10:16:59.718+0100: 22.386: Total time for which application threads were stopped: 0.0000722 seconds, Stopping threads took: 0.0000226 seconds
2019-01-11T10:16:59.718+0100: 22.390: Total time for which application threads were stopped: 0.0000554 seconds, Stopping threads took: 0.0000190 seconds
2019-01-11T10:16:59.797+0100: 22.459: Total time for which application threads were stopped: 0.0000806 seconds, Stopping threads took: 0.0000325 seconds
2019-01-11T10:16:59.797+0100: 22.459: Total time for which application threads were stopped: 0.0000430 seconds, Stopping threads took: 0.0000106 seconds
2019-01-11T10:16:59.890+0100: 22.560: Total time for which application threads were stopped: 0.0000711 seconds, Stopping threads took: 0.0000357 seconds
2019-01-11T10:16:59.890+0100: 22.560: Total time for which application threads were stopped: 0.0000335 seconds, Stopping threads took: 0.0000120 seconds
2019-01-11T10:16:59.890+0100: 22.561: Total time for which application threads were stopped: 0.0000423 seconds, Stopping threads took: 0.0000157 seconds
2019-01-11T10:16:59.906+0100: 22.568: Total time for which application threads were stopped: 0.0000930 seconds, Stopping threads took: 0.0000368 seconds
2019-01-11T10:16:59.906+0100: 22.568: Total time for which application threads were stopped: 0.0000627 seconds, Stopping threads took: 0.0000328 seconds
2019-01-11T10:16:59.906+0100: 22.569: Total time for which application threads were stopped: 0.0000587 seconds, Stopping threads took: 0.0000252 seconds
2019-01-11T10:16:59.906+0100: 22.569: Total time for which application threads were stopped: 0.0000416 seconds, Stopping threads took: 0.0000109 seconds
2019-01-11T10:16:59.906+0100: 22.569: Total time for which application threads were stopped: 0.0000277 seconds, Stopping threads took: 0.0000106 seconds
2019-01-11T10:16:59.906+0100: 22.570: Total time for which application threads were stopped: 0.0000346 seconds, Stopping threads took: 0.0000106 seconds
2019-01-11T10:17:30.999+0100: 53.656: Total time for which application threads were stopped: 0.0001685 seconds, Stopping threads took: 0.0000759 seconds
2019-01-11T10:17:30.999+0100: 53.656: Total time for which application threads were stopped: 0.0000478 seconds, Stopping threads took: 0.0000157 seconds
2019-01-11T10:17:30.999+0100: 53.656: Total time for which application threads were stopped: 0.0000383 seconds, Stopping threads took: 0.0000117 seconds
2019-01-11T10:17:41.058+0100: 63.715: Total time for which application threads were stopped: 0.0001798 seconds, Stopping threads took: 0.0001152 seconds
2019-01-11T10:17:41.058+0100: 63.715: Total time for which application threads were stopped: 0.0002410 seconds, Stopping threads took: 0.0001637 seconds
2019-01-11T10:17:41.058+0100: 63.715: Total time for which application threads were stopped: 0.0003417 seconds, Stopping threads took: 0.0002644 seconds
2019-01-11T10:17:41.058+0100: 63.715: Total time for which application threads were stopped: 0.0000755 seconds, Stopping threads took: 0.0000332 seconds
2019-01-11T10:17:41.059+0100: 63.716: Total time for which application threads were stopped: 0.0001203 seconds, Stopping threads took: 0.0000751 seconds
2019-01-11T10:17:41.059+0100: 63.716: Total time for which application threads were stopped: 0.0001054 seconds, Stopping threads took: 0.0000799 seconds
2019-01-11T10:17:42.062+0100: 64.719: Total time for which application threads were stopped: 0.0000974 seconds, Stopping threads took: 0.0000303 seconds
2019-01-11T10:17:50.498+0100: 73.160: Total time for which application threads were stopped: 0.0000656 seconds, Stopping threads took: 0.0000321 seconds
2019-01-11T10:17:50.498+0100: 73.168: Total time for which application threads were stopped: 0.0000638 seconds, Stopping threads took: 0.0000204 seconds
2019-01-11T10:17:50.498+0100: 73.169: Total time for which application threads were stopped: 0.0000518 seconds, Stopping threads took: 0.0000109 seconds
2019-01-11T10:17:50.732+0100: 73.401: Total time for which application threads were stopped: 0.0003253 seconds, Stopping threads took: 0.0000197 seconds
2019-01-11T10:17:51.748+0100: 74.405: Total time for which application threads were stopped: 0.0001346 seconds, Stopping threads took: 0.0000467 seconds
2019-01-11T10:18:33.389+0100: 116.046: Total time for which application threads were stopped: 0.0000569 seconds, Stopping threads took: 0.0000179 seconds
2019-01-11T10:18:33.390+0100: 116.047: Total time for which application threads were stopped: 0.0000489 seconds, Stopping threads took: 0.0000274 seconds
2019-01-11T10:18:33.390+0100: 116.047: Total time for which application threads were stopped: 0.0000321 seconds, Stopping threads took: 0.0000109 seconds
2019-01-11T10:18:33.390+0100: 116.047: Total time for which application threads were stopped: 0.0000791 seconds, Stopping threads took: 0.0000314 seconds
2019-01-11T10:18:33.390+0100: 116.047: Total time for which application threads were stopped: 0.0000511 seconds, Stopping threads took: 0.0000281 seconds
2019-01-11T10:18:33.391+0100: 116.048: Total time for which application threads were stopped: 0.0001076 seconds, Stopping threads took: 0.0000821 seconds
2019-01-11T10:18:33.391+0100: 116.048: Total time for which application threads were stopped: 0.0000835 seconds, Stopping threads took: 0.0000449 seconds
2019-01-11T10:18:33.391+0100: 116.048: Total time for which application threads were stopped: 0.0000660 seconds, Stopping threads took: 0.0000135 seconds
2019-01-11T10:18:33.391+0100: 116.048: Total time for which application threads were stopped: 0.0000762 seconds, Stopping threads took: 0.0000390 seconds
2019-01-11T10:18:33.397+0100: 116.054: Total time for which application threads were stopped: 0.0000729 seconds, Stopping threads took: 0.0000354 seconds
2019-01-11T10:18:33.401+0100: 116.058: Total time for which application threads were stopped: 0.0000802 seconds, Stopping threads took: 0.0000310 seconds
2019-01-11T10:18:33.401+0100: 116.058: Total time for which application threads were stopped: 0.0000401 seconds, Stopping threads took: 0.0000150 seconds
2019-01-11T10:18:51.562+0100: 134.219: Total time for which application threads were stopped: 0.0001192 seconds, Stopping threads took: 0.0000478 seconds
2019-01-11T10:19:18.821+0100: 161.479: Total time for which application threads were stopped: 0.0000777 seconds, Stopping threads took: 0.0000204 seconds
2019-01-11T10:19:18.821+0100: 161.479: Total time for which application threads were stopped: 0.0000587 seconds, Stopping threads took: 0.0000248 seconds
2019-01-11T10:19:18.821+0100: 161.479: Total time for which application threads were stopped: 0.0000295 seconds, Stopping threads took: 0.0000098 seconds
2019-01-11T10:19:18.831+0100: 161.488: Total time for which application threads were stopped: 0.0001634 seconds, Stopping threads took: 0.0001090 seconds
2019-01-11T10:19:18.831+0100: 161.489: Total time for which application threads were stopped: 0.0001127 seconds, Stopping threads took: 0.0000831 seconds
2019-01-11T10:19:18.832+0100: 161.489: Total time for which application threads were stopped: 0.0002035 seconds, Stopping threads took: 0.0001218 seconds
2019-01-11T10:19:18.832+0100: 161.489: Total time for which application threads were stopped: 0.0001492 seconds, Stopping threads took: 0.0001233 seconds
2019-01-11T10:19:18.832+0100: 161.489: Total time for which application threads were stopped: 0.0001327 seconds, Stopping threads took: 0.0001058 seconds
2019-01-11T10:19:18.832+0100: 161.490: Total time for which application threads were stopped: 0.0001185 seconds, Stopping threads took: 0.0000937 seconds
2019-01-11T10:19:18.848+0100: 161.505: Total time for which application threads were stopped: 0.0001138 seconds, Stopping threads took: 0.0000427 seconds
2019-01-11T10:19:18.848+0100: 161.505: Total time for which application threads were stopped: 0.0000675 seconds, Stopping threads took: 0.0000190 seconds
2019-01-11T10:19:50.997+0100: 193.654: Total time for which application threads were stopped: 0.0001397 seconds, Stopping threads took: 0.0000281 seconds
2019-01-11T10:20:30.592+0100: 233.250: Total time for which application threads were stopped: 0.0000886 seconds, Stopping threads took: 0.0000339 seconds
2019-01-11T10:20:30.592+0100: 233.250: Total time for which application threads were stopped: 0.0000525 seconds, Stopping threads took: 0.0000117 seconds
2019-01-11T10:20:30.593+0100: 233.250: Total time for which application threads were stopped: 0.0000890 seconds, Stopping threads took: 0.0000452 seconds
2019-01-11T10:20:30.598+0100: 233.255: Total time for which application threads were stopped: 0.0003056 seconds, Stopping threads took: 0.0000248 seconds
2019-01-11T10:20:30.673+0100: 233.330: Total time for which application threads were stopped: 0.0000737 seconds, Stopping threads took: 0.0000335 seconds
2019-01-11T10:20:30.700+0100: 233.358: Total time for which application threads were stopped: 0.0000904 seconds, Stopping threads took: 0.0000335 seconds
2019-01-11T10:20:30.701+0100: 233.359: Total time for which application threads were stopped: 0.0001925 seconds, Stopping threads took: 0.0001291 seconds
2019-01-11T10:20:30.704+0100: 233.362: Total time for which application threads were stopped: 0.0001659 seconds, Stopping threads took: 0.0000638 seconds
2019-01-11T10:20:30.704+0100: 233.362: Total time for which application threads were stopped: 0.0000678 seconds, Stopping threads took: 0.0000201 seconds
2019-01-11T10:20:30.704+0100: 233.362: Total time for which application threads were stopped: 0.0000769 seconds, Stopping threads took: 0.0000233 seconds
2019-01-11T10:20:30.705+0100: 233.362: Total time for which application threads were stopped: 0.0000941 seconds, Stopping threads took: 0.0000412 seconds
2019-01-11T10:20:30.705+0100: 233.362: Total time for which application threads were stopped: 0.0000799 seconds, Stopping threads took: 0.0000241 seconds
2019-01-11T10:20:30.705+0100: 233.363: Total time for which application threads were stopped: 0.0002254 seconds, Stopping threads took: 0.0001667 seconds
2019-01-11T10:20:30.711+0100: 233.368: Total time for which application threads were stopped: 0.0001251 seconds, Stopping threads took: 0.0000594 seconds
2019-01-11T10:20:30.712+0100: 233.369: Total time for which application threads were stopped: 0.0006725 seconds, Stopping threads took: 0.0005842 seconds
2019-01-11T10:20:30.832+0100: 233.489: Total time for which application threads were stopped: 0.0000784 seconds, Stopping threads took: 0.0000219 seconds
2019-01-11T10:20:30.845+0100: 233.502: Total time for which application threads were stopped: 0.0000901 seconds, Stopping threads took: 0.0000368 seconds
2019-01-11T10:20:30.899+0100: 233.556: Total time for which application threads were stopped: 0.0001134 seconds, Stopping threads took: 0.0000354 seconds
2019-01-11T10:20:30.900+0100: 233.557: Total time for which application threads were stopped: 0.0001072 seconds, Stopping threads took: 0.0000274 seconds
2019-01-11T10:20:30.900+0100: 233.557: Total time for which application threads were stopped: 0.0002024 seconds, Stopping threads took: 0.0001171 seconds
2019-01-11T10:20:30.900+0100: 233.558: Total time for which application threads were stopped: 0.0001699 seconds, Stopping threads took: 0.0001163 seconds
2019-01-11T10:20:30.981+0100: 233.638: Total time for which application threads were stopped: 0.0000930 seconds, Stopping threads took: 0.0000365 seconds
2019-01-11T10:20:30.988+0100: 233.644: Total time for which application threads were stopped: 0.0001513 seconds, Stopping threads took: 0.0000423 seconds
2019-01-11T10:20:30.997+0100: 233.654: Total time for which application threads were stopped: 0.0001083 seconds, Stopping threads took: 0.0000357 seconds
2019-01-11T10:20:31.002+0100: 233.659: Total time for which application threads were stopped: 0.0005707 seconds, Stopping threads took: 0.0001933 seconds
2019-01-11T10:20:31.894+0100: 234.552: Total time for which application threads were stopped: 0.0001437 seconds, Stopping threads took: 0.0000452 seconds
2019-01-11T10:20:31.894+0100: 234.552: Total time for which application threads were stopped: 0.0000831 seconds, Stopping threads took: 0.0000335 seconds
2019-01-11T10:20:31.894+0100: 234.552: Total time for which application threads were stopped: 0.0001251 seconds, Stopping threads took: 0.0000459 seconds
2019-01-11T10:20:31.895+0100: 234.552: Total time for which application threads were stopped: 0.0001696 seconds, Stopping threads took: 0.0001087 seconds
2019-01-11T10:20:31.895+0100: 234.552: Total time for which application threads were stopped: 0.0000755 seconds, Stopping threads took: 0.0000372 seconds
2019-01-11T10:20:31.896+0100: 234.553: Total time for which application threads were stopped: 0.0001517 seconds, Stopping threads took: 0.0000394 seconds
2019-01-11T10:20:31.896+0100: 234.554: Total time for which application threads were stopped: 0.0002972 seconds, Stopping threads took: 0.0000325 seconds
2019-01-11T10:20:32.904+0100: 235.561: Total time for which application threads were stopped: 0.0001422 seconds, Stopping threads took: 0.0000321 seconds
2019-01-11T10:20:35.999+0100: 238.657: Total time for which application threads were stopped: 0.0000897 seconds, Stopping threads took: 0.0000204 seconds
2019-01-11T10:20:35.999+0100: 238.657: Total time for which application threads were stopped: 0.0000580 seconds, Stopping threads took: 0.0000160 seconds
2019-01-11T10:20:36.000+0100: 238.657: Total time for which application threads were stopped: 0.0000729 seconds, Stopping threads took: 0.0000153 seconds
2019-01-11T10:20:36.000+0100: 238.657: Total time for which application threads were stopped: 0.0000540 seconds, Stopping threads took: 0.0000131 seconds
2019-01-11T10:20:36.000+0100: 238.658: Total time for which application threads were stopped: 0.0000715 seconds, Stopping threads took: 0.0000277 seconds
2019-01-11T10:20:36.000+0100: 238.658: Total time for which application threads were stopped: 0.0000667 seconds, Stopping threads took: 0.0000263 seconds
2019-01-11T10:20:36.000+0100: 238.658: Total time for which application threads were stopped: 0.0000598 seconds, Stopping threads took: 0.0000197 seconds
2019-01-11T10:20:37.005+0100: 239.662: Total time for which application threads were stopped: 0.0001492 seconds, Stopping threads took: 0.0000303 seconds
2019-01-11T10:20:40.021+0100: 242.678: Total time for which application threads were stopped: 0.0001047 seconds, Stopping threads took: 0.0000255 seconds
2019-01-11T10:20:43.024+0100: 245.681: Total time for which application threads were stopped: 0.0000675 seconds, Stopping threads took: 0.0000244 seconds
2019-01-11T10:20:51.084+0100: 253.741: Total time for which application threads were stopped: 0.0000846 seconds, Stopping threads took: 0.0000452 seconds
2019-01-11T10:20:55.740+0100: 258.397: Total time for which application threads were stopped: 0.0001054 seconds, Stopping threads took: 0.0000317 seconds
2019-01-11T10:20:55.740+0100: 258.398: Total time for which application threads were stopped: 0.0000583 seconds, Stopping threads took: 0.0000182 seconds
2019-01-11T10:20:55.740+0100: 258.398: Total time for which application threads were stopped: 0.0000970 seconds, Stopping threads took: 0.0000514 seconds
2019-01-11T10:20:55.740+0100: 258.398: Total time for which application threads were stopped: 0.0000562 seconds, Stopping threads took: 0.0000303 seconds
2019-01-11T10:20:55.740+0100: 258.398: Total time for which application threads were stopped: 0.0000565 seconds, Stopping threads took: 0.0000306 seconds
2019-01-11T10:20:55.740+0100: 258.398: Total time for which application threads were stopped: 0.0000788 seconds, Stopping threads took: 0.0000310 seconds
2019-01-11T10:20:55.741+0100: 258.398: Total time for which application threads were stopped: 0.0000540 seconds, Stopping threads took: 0.0000193 seconds
2019-01-11T10:20:55.741+0100: 258.399: Total time for which application threads were stopped: 0.0000427 seconds, Stopping threads took: 0.0000146 seconds
2019-01-11T10:20:55.741+0100: 258.399: Total time for which application threads were stopped: 0.0000394 seconds, Stopping threads took: 0.0000142 seconds
2019-01-11T10:20:55.741+0100: 258.399: Total time for which application threads were stopped: 0.0000682 seconds, Stopping threads took: 0.0000259 seconds
2019-01-11T10:20:55.741+0100: 258.399: Total time for which application threads were stopped: 0.0000525 seconds, Stopping threads took: 0.0000146 seconds
2019-01-11T10:20:55.741+0100: 258.399: Total time for which application threads were stopped: 0.0000492 seconds, Stopping threads took: 0.0000208 seconds
2019-01-11T10:20:55.741+0100: 258.399: Total time for which application threads were stopped: 0.0000620 seconds, Stopping threads took: 0.0000186 seconds
2019-01-11T10:20:55.742+0100: 258.399: Total time for which application threads were stopped: 0.0000416 seconds, Stopping threads took: 0.0000146 seconds
2019-01-11T10:20:55.742+0100: 258.399: Total time for which application threads were stopped: 0.0000408 seconds, Stopping threads took: 0.0000146 seconds
2019-01-11T10:20:55.742+0100: 258.400: Total time for which application threads were stopped: 0.0000405 seconds, Stopping threads took: 0.0000146 seconds
2019-01-11T10:20:55.742+0100: 258.400: Total time for which application threads were stopped: 0.0000423 seconds, Stopping threads took: 0.0000164 seconds
2019-01-11T10:20:55.742+0100: 258.400: Total time for which application threads were stopped: 0.0000405 seconds, Stopping threads took: 0.0000146 seconds
2019-01-11T10:20:55.742+0100: 258.400: Total time for which application threads were stopped: 0.0000401 seconds, Stopping threads took: 0.0000146 seconds
2019-01-11T10:20:55.742+0100: 258.400: Total time for which application threads were stopped: 0.0000401 seconds, Stopping threads took: 0.0000150 seconds
2019-01-11T10:20:55.742+0100: 258.400: Total time for which application threads were stopped: 0.0000368 seconds, Stopping threads took: 0.0000135 seconds
2019-01-11T10:20:55.743+0100: 258.400: Total time for which application threads were stopped: 0.0001761 seconds, Stopping threads took: 0.0000150 seconds
2019-01-11T10:20:55.743+0100: 258.401: Total time for which application threads were stopped: 0.0000521 seconds, Stopping threads took: 0.0000179 seconds
2019-01-11T10:20:55.743+0100: 258.401: Total time for which application threads were stopped: 0.0000573 seconds, Stopping threads took: 0.0000131 seconds
2019-01-11T10:20:55.743+0100: 258.401: Total time for which application threads were stopped: 0.0000605 seconds, Stopping threads took: 0.0000146 seconds
2019-01-11T10:20:55.758+0100: 258.415: Total time for which application threads were stopped: 0.0000872 seconds, Stopping threads took: 0.0000266 seconds
2019-01-11T10:20:55.758+0100: 258.415: Total time for which application threads were stopped: 0.0000602 seconds, Stopping threads took: 0.0000284 seconds
2019-01-11T10:20:55.758+0100: 258.416: Total time for which application threads were stopped: 0.0000569 seconds, Stopping threads took: 0.0000281 seconds
2019-01-11T10:20:56.759+0100: 259.416: Total time for which application threads were stopped: 0.0000638 seconds, Stopping threads took: 0.0000215 seconds
2019-01-11T10:21:06.645+0100: 269.303: Total time for which application threads were stopped: 0.0000908 seconds, Stopping threads took: 0.0000281 seconds
2019-01-11T10:21:07.648+0100: 270.305: Total time for which application threads were stopped: 0.0001200 seconds, Stopping threads took: 0.0000350 seconds
2019-01-11T10:21:07.787+0100: 270.444: Total time for which application threads were stopped: 0.0000948 seconds, Stopping threads took: 0.0000328 seconds
2019-01-11T10:21:07.787+0100: 270.444: Total time for which application threads were stopped: 0.0000500 seconds, Stopping threads took: 0.0000109 seconds
2019-01-11T10:21:07.788+0100: 270.445: Total time for which application threads were stopped: 0.0000346 seconds, Stopping threads took: 0.0000102 seconds
2019-01-11T10:21:07.788+0100: 270.445: Total time for which application threads were stopped: 0.0000496 seconds, Stopping threads took: 0.0000109 seconds
2019-01-11T10:21:07.788+0100: 270.445: Total time for which application threads were stopped: 0.0000346 seconds, Stopping threads took: 0.0000102 seconds
2019-01-11T10:21:07.788+0100: 270.445: Total time for which application threads were stopped: 0.0000678 seconds, Stopping threads took: 0.0000109 seconds
2019-01-11T10:21:07.788+0100: 270.445: Total time for which application threads were stopped: 0.0000372 seconds, Stopping threads took: 0.0000113 seconds
2019-01-11T10:21:07.788+0100: 270.446: Total time for which application threads were stopped: 0.0000496 seconds, Stopping threads took: 0.0000109 seconds
2019-01-11T10:21:07.789+0100: 270.446: Total time for which application threads were stopped: 0.0000346 seconds, Stopping threads took: 0.0000102 seconds
2019-01-11T10:21:07.789+0100: 270.446: Total time for which application threads were stopped: 0.0000481 seconds, Stopping threads took: 0.0000102 seconds
2019-01-11T10:21:07.789+0100: 270.446: Total time for which application threads were stopped: 0.0000372 seconds, Stopping threads took: 0.0000109 seconds
2019-01-11T10:21:07.789+0100: 270.446: Total time for which application threads were stopped: 0.0000368 seconds, Stopping threads took: 0.0000109 seconds
2019-01-11T10:21:07.790+0100: 270.446: Total time for which application threads were stopped: 0.0000368 seconds, Stopping threads took: 0.0000106 seconds
2019-01-11T10:21:07.790+0100: 270.447: Total time for which application threads were stopped: 0.0000368 seconds, Stopping threads took: 0.0000109 seconds
2019-01-11T10:21:07.790+0100: 270.447: Total time for which application threads were stopped: 0.0000339 seconds, Stopping threads took: 0.0000102 seconds
2019-01-11T10:21:07.790+0100: 270.447: Total time for which application threads were stopped: 0.0000332 seconds, Stopping threads took: 0.0000098 seconds
2019-01-11T10:21:07.790+0100: 270.447: Total time for which application threads were stopped: 0.0000325 seconds, Stopping threads took: 0.0000095 seconds
2019-01-11T10:21:07.790+0100: 270.447: Total time for which application threads were stopped: 0.0000325 seconds, Stopping threads took: 0.0000098 seconds
2019-01-11T10:21:07.790+0100: 270.447: Total time for which application threads were stopped: 0.0000325 seconds, Stopping threads took: 0.0000098 seconds
2019-01-11T10:21:07.790+0100: 270.447: Total time for which application threads were stopped: 0.0001335 seconds, Stopping threads took: 0.0000095 seconds
2019-01-11T10:21:07.790+0100: 270.448: Total time for which application threads were stopped: 0.0001561 seconds, Stopping threads took: 0.0001196 seconds
2019-01-11T10:21:08.013+0100: 270.678: Total time for which application threads were stopped: 0.0000959 seconds, Stopping threads took: 0.0000317 seconds
2019-01-11T10:21:08.035+0100: 270.692: Total time for which application threads were stopped: 0.0001130 seconds, Stopping threads took: 0.0000401 seconds
2019-01-11T10:21:08.112+0100: 270.769: Total time for which application threads were stopped: 0.0000883 seconds, Stopping threads took: 0.0000186 seconds
2019-01-11T10:21:08.112+0100: 270.769: Total time for which application threads were stopped: 0.0000419 seconds, Stopping threads took: 0.0000120 seconds
2019-01-11T10:21:08.114+0100: 270.774: Total time for which application threads were stopped: 0.0000576 seconds, Stopping threads took: 0.0000190 seconds
2019-01-11T10:21:08.114+0100: 270.783: Total time for which application threads were stopped: 0.0000777 seconds, Stopping threads took: 0.0000215 seconds
2019-01-11T10:21:08.145+0100: 270.806: Total time for which application threads were stopped: 0.0002432 seconds, Stopping threads took: 0.0001831 seconds
2019-01-11T10:21:08.145+0100: 270.807: Total time for which application threads were stopped: 0.0000470 seconds, Stopping threads took: 0.0000102 seconds
2019-01-11T10:21:08.255+0100: 270.926: Total time for which application threads were stopped: 0.0000945 seconds, Stopping threads took: 0.0000215 seconds
2019-01-11T10:21:08.302+0100: 270.963: Total time for which application threads were stopped: 0.0003906 seconds, Stopping threads took: 0.0000215 seconds
2019-01-11T10:21:08.348+0100: 271.020: Total time for which application threads were stopped: 0.0001696 seconds, Stopping threads took: 0.0001036 seconds
2019-01-11T10:21:08.364+0100: 271.035: Total time for which application threads were stopped: 0.0000824 seconds, Stopping threads took: 0.0000335 seconds
2019-01-11T10:21:08.411+0100: 271.068: Total time for which application threads were stopped: 0.0001032 seconds, Stopping threads took: 0.0000350 seconds
2019-01-11T10:21:08.598+0100: 271.262: Total time for which application threads were stopped: 0.0004015 seconds, Stopping threads took: 0.0000335 seconds
2019-01-11T10:21:08.625+0100: 271.282: Total time for which application threads were stopped: 0.0000824 seconds, Stopping threads took: 0.0000325 seconds
2019-01-11T10:21:08.645+0100: 271.303: Total time for which application threads were stopped: 0.0001769 seconds, Stopping threads took: 0.0000368 seconds
2019-01-11T10:21:08.655+0100: 271.312: Total time for which application threads were stopped: 0.0000915 seconds, Stopping threads took: 0.0000346 seconds
2019-01-11T10:21:08.748+0100: 271.407: Total time for which application threads were stopped: 0.0000733 seconds, Stopping threads took: 0.0000186 seconds
2019-01-11T10:21:08.763+0100: 271.434: Total time for which application threads were stopped: 0.0000977 seconds, Stopping threads took: 0.0000387 seconds
2019-01-11T10:21:08.779+0100: 271.436: Total time for which application threads were stopped: 0.0000806 seconds, Stopping threads took: 0.0000157 seconds
2019-01-11T10:21:08.779+0100: 271.436: Total time for which application threads were stopped: 0.0000492 seconds, Stopping threads took: 0.0000252 seconds
2019-01-11T10:21:08.779+0100: 271.437: Total time for which application threads were stopped: 0.0000332 seconds, Stopping threads took: 0.0000117 seconds
2019-01-11T10:21:08.779+0100: 271.439: Total time for which application threads were stopped: 0.0001484 seconds, Stopping threads took: 0.0000988 seconds
2019-01-11T10:21:08.779+0100: 271.439: Total time for which application threads were stopped: 0.0001109 seconds, Stopping threads took: 0.0000784 seconds
2019-01-11T10:21:09.952+0100: 272.609: [GC (CMS Initial Mark) [1 CMS-initial-mark: 314K(393216K)] 96436K(502464K), 0.0076950 secs] [Times: user=0.00 sys=0.00, real=0.00 secs] 
2019-01-11T10:21:09.952+0100: 272.617: Total time for which application threads were stopped: 0.0079167 seconds, Stopping threads took: 0.0000521 seconds
2019-01-11T10:21:09.952+0100: 272.617: [CMS-concurrent-mark-start]
2019-01-11T10:21:09.952+0100: 272.618: [CMS-concurrent-mark: 0.000/0.000 secs] [Times: user=0.00 sys=0.00, real=0.00 secs] 
2019-01-11T10:21:09.952+0100: 272.618: [CMS-concurrent-preclean-start]
2019-01-11T10:21:09.952+0100: 272.618: [CMS-concurrent-preclean: 0.001/0.001 secs] [Times: user=0.00 sys=0.00, real=0.00 secs] 
2019-01-11T10:21:09.952+0100: 272.618: [CMS-concurrent-abortable-preclean-start]
2019-01-11T10:21:10.965+0100: 273.622: Total time for which application threads were stopped: 0.0001021 seconds, Stopping threads took: 0.0000346 seconds
 CMS: abort preclean due to time 2019-01-11T10:21:16.100+0100: 278.758: [CMS-concurrent-abortable-preclean: 2.381/6.139 secs] [Times: user=2.23 sys=0.00, real=6.15 secs] 
2019-01-11T10:21:16.100+0100: 278.758: [GC (CMS Final Remark) [YG occupancy: 96122 K (109248 K)]{Heap before GC invocations=8 (full 2):
 par new generation   total 109248K, used 96122K [0x00000000e0000000, 0x00000000e8000000, 0x00000000e8000000)
  eden space 87424K,  84% used [0x00000000e0000000, 0x00000000e488e8a0, 0x00000000e5560000)
  from space 21824K, 100% used [0x00000000e5560000, 0x00000000e6ab0000, 0x00000000e6ab0000)
  to   space 21824K,   0% used [0x00000000e6ab0000, 0x00000000e6ab0000, 0x00000000e8000000)
 concurrent mark-sweep generation total 393216K, used 314K [0x00000000e8000000, 0x0000000100000000, 0x0000000100000000)
 Metaspace       used 43500K, capacity 44897K, committed 44996K, reserved 1089536K
  class space    used 5455K, capacity 5806K, committed 5856K, reserved 1048576K
2019-01-11T10:21:16.100+0100: 278.758: [GC (CMS Final Remark) 2019-01-11T10:21:16.100+0100: 278.758: [ParNew
Desired survivor size 20112992 bytes, new threshold 8 (max 8)
- age   1:    6224968 bytes,    6224968 total
- age   2:    3445272 bytes,    9670240 total
- age   3:    1334720 bytes,   11004960 total
- age   4:     175176 bytes,   11180136 total
- age   5:     442560 bytes,   11622696 total
- age   6:    2179184 bytes,   13801880 total
- age   7:       1032 bytes,   13802912 total
- age   8:    2731120 bytes,   16534032 total
: 96122K->21099K(109248K), 0.0256876 secs] 96436K->26758K(502464K), 0.0257437 secs] [Times: user=0.06 sys=0.00, real=0.02 secs] 
Heap after GC invocations=9 (full 2):
 par new generation   total 109248K, used 21099K [0x00000000e0000000, 0x00000000e8000000, 0x00000000e8000000)
  eden space 87424K,   0% used [0x00000000e0000000, 0x00000000e0000000, 0x00000000e5560000)
  from space 21824K,  96% used [0x00000000e6ab0000, 0x00000000e7f4acb8, 0x00000000e8000000)
  to   space 21824K,   0% used [0x00000000e5560000, 0x00000000e5560000, 0x00000000e6ab0000)
 concurrent mark-sweep generation total 393216K, used 5659K [0x00000000e8000000, 0x0000000100000000, 0x0000000100000000)
 Metaspace       used 43500K, capacity 44897K, committed 44996K, reserved 1089536K
  class space    used 5455K, capacity 5806K, committed 5856K, reserved 1048576K
}
2019-01-11T10:21:16.116+0100: 278.784: [Rescan (parallel) , 0.0031387 secs]2019-01-11T10:21:16.116+0100: 278.787: [weak refs processing, 0.0023893 secs]2019-01-11T10:21:16.131+0100: 278.789: [class unloading, 0.0052228 secs]2019-01-11T10:21:16.131+0100: 278.795: [scrub symbol table, 0.0051995 secs]2019-01-11T10:21:16.131+0100: 278.800: [scrub string table, 0.0004650 secs][1 CMS-remark: 5659K(393216K)] 26758K(502464K), 0.0435988 secs] [Times: user=0.06 sys=0.00, real=0.03 secs] 
2019-01-11T10:21:16.131+0100: 278.802: Total time for which application threads were stopped: 0.0437028 seconds, Stopping threads took: 0.0000346 seconds
2019-01-11T10:21:16.131+0100: 278.802: [CMS-concurrent-sweep-start]
2019-01-11T10:21:16.131+0100: 278.802: Total time for which application threads were stopped: 0.0000711 seconds, Stopping threads took: 0.0000281 seconds
2019-01-11T10:21:16.131+0100: 278.803: Total time for which application threads were stopped: 0.0000573 seconds, Stopping threads took: 0.0000244 seconds
2019-01-11T10:21:16.131+0100: 278.803: Total time for which application threads were stopped: 0.0000569 seconds, Stopping threads took: 0.0000241 seconds
2019-01-11T10:21:16.147+0100: 278.804: [CMS-concurrent-sweep: 0.002/0.002 secs] [Times: user=0.01 sys=0.00, real=0.02 secs] 
2019-01-11T10:21:16.147+0100: 278.804: [CMS-concurrent-reset-start]
2019-01-11T10:21:16.147+0100: 278.805: [CMS-concurrent-reset: 0.001/0.001 secs] [Times: user=0.00 sys=0.00, real=0.00 secs] 
2019-01-11T10:21:22.835+0100: 285.493: Total time for which application threads were stopped: 0.0001378 seconds, Stopping threads took: 0.0000470 seconds
2019-01-11T10:21:22.835+0100: 285.493: Total time for which application threads were stopped: 0.0001003 seconds, Stopping threads took: 0.0000474 seconds
2019-01-11T10:21:22.835+0100: 285.493: Total time for which application threads were stopped: 0.0001079 seconds, Stopping threads took: 0.0000350 seconds
2019-01-11T10:21:22.836+0100: 285.493: Total time for which application threads were stopped: 0.0000893 seconds, Stopping threads took: 0.0000343 seconds
2019-01-11T10:21:22.836+0100: 285.493: Total time for which application threads were stopped: 0.0000846 seconds, Stopping threads took: 0.0000317 seconds
2019-01-11T10:21:22.837+0100: 285.494: Total time for which application threads were stopped: 0.0001641 seconds, Stopping threads took: 0.0000481 seconds
2019-01-11T10:21:22.837+0100: 285.495: Total time for which application threads were stopped: 0.0001065 seconds, Stopping threads took: 0.0000412 seconds
2019-01-11T10:21:22.837+0100: 285.495: Total time for which application threads were stopped: 0.0001050 seconds, Stopping threads took: 0.0000452 seconds
2019-01-11T10:21:22.837+0100: 285.495: Total time for which application threads were stopped: 0.0000955 seconds, Stopping threads took: 0.0000306 seconds
2019-01-11T10:21:22.837+0100: 285.495: Total time for which application threads were stopped: 0.0000693 seconds, Stopping threads took: 0.0000303 seconds
2019-01-11T10:21:22.837+0100: 285.495: Total time for which application threads were stopped: 0.0000678 seconds, Stopping threads took: 0.0000328 seconds
2019-01-11T10:21:22.838+0100: 285.495: Total time for which application threads were stopped: 0.0000667 seconds, Stopping threads took: 0.0000321 seconds
2019-01-11T10:21:22.838+0100: 285.495: Total time for which application threads were stopped: 0.0000879 seconds, Stopping threads took: 0.0000295 seconds
2019-01-11T10:21:23.839+0100: 286.496: Total time for which application threads were stopped: 0.0001032 seconds, Stopping threads took: 0.0000263 seconds
2019-01-11T10:21:26.854+0100: 289.511: Total time for which application threads were stopped: 0.0001094 seconds, Stopping threads took: 0.0000408 seconds
2019-01-11T10:21:29.864+0100: 292.521: Total time for which application threads were stopped: 0.0001014 seconds, Stopping threads took: 0.0000252 seconds
2019-01-11T10:21:51.007+0100: 313.664: Total time for which application threads were stopped: 0.0000667 seconds, Stopping threads took: 0.0000237 seconds
2019-01-11T10:21:59.352+0100: 322.010: Total time for which application threads were stopped: 0.0001812 seconds, Stopping threads took: 0.0001182 seconds
2019-01-11T10:21:59.458+0100: 322.115: Total time for which application threads were stopped: 0.0001320 seconds, Stopping threads took: 0.0000609 seconds
2019-01-11T10:21:59.561+0100: 322.225: Total time for which application threads were stopped: 0.0000908 seconds, Stopping threads took: 0.0000372 seconds
2019-01-11T10:21:59.561+0100: 322.227: Total time for which application threads were stopped: 0.0001043 seconds, Stopping threads took: 0.0000547 seconds
2019-01-11T10:21:59.561+0100: 322.228: Total time for which application threads were stopped: 0.0000543 seconds, Stopping threads took: 0.0000288 seconds
2019-01-11T10:21:59.561+0100: 322.229: Total time for which application threads were stopped: 0.0001404 seconds, Stopping threads took: 0.0001028 seconds
2019-01-11T10:21:59.561+0100: 322.230: Total time for which application threads were stopped: 0.0000485 seconds, Stopping threads took: 0.0000131 seconds
2019-01-11T10:21:59.561+0100: 322.231: Total time for which application threads were stopped: 0.0001470 seconds, Stopping threads took: 0.0001079 seconds
2019-01-11T10:21:59.561+0100: 322.231: Total time for which application threads were stopped: 0.0001688 seconds, Stopping threads took: 0.0001014 seconds
2019-01-11T10:21:59.561+0100: 322.232: Total time for which application threads were stopped: 0.0001375 seconds, Stopping threads took: 0.0001017 seconds
2019-01-11T10:21:59.561+0100: 322.233: Total time for which application threads were stopped: 0.0001152 seconds, Stopping threads took: 0.0000923 seconds
2019-01-11T10:21:59.561+0100: 322.233: Total time for which application threads were stopped: 0.0001178 seconds, Stopping threads took: 0.0000959 seconds
2019-01-11T10:21:59.577+0100: 322.234: Total time for which application threads were stopped: 0.0000485 seconds, Stopping threads took: 0.0000252 seconds
2019-01-11T10:21:59.577+0100: 322.234: Total time for which application threads were stopped: 0.0001375 seconds, Stopping threads took: 0.0000981 seconds
2019-01-11T10:21:59.577+0100: 322.235: Total time for which application threads were stopped: 0.0000456 seconds, Stopping threads took: 0.0000146 seconds
2019-01-11T10:21:59.577+0100: 322.236: Total time for which application threads were stopped: 0.0001214 seconds, Stopping threads took: 0.0000700 seconds
2019-01-11T10:21:59.577+0100: 322.236: Total time for which application threads were stopped: 0.0001233 seconds, Stopping threads took: 0.0000996 seconds
2019-01-11T10:21:59.577+0100: 322.237: Total time for which application threads were stopped: 0.0000598 seconds, Stopping threads took: 0.0000128 seconds
2019-01-11T10:21:59.889+0100: 322.549: Total time for which application threads were stopped: 0.0002327 seconds, Stopping threads took: 0.0001586 seconds
2019-01-11T10:22:00.896+0100: 323.553: Total time for which application threads were stopped: 0.0000850 seconds, Stopping threads took: 0.0000259 seconds
2019-01-11T10:22:02.923+0100: 325.580: Total time for which application threads were stopped: 0.0000955 seconds, Stopping threads took: 0.0000288 seconds
2019-01-11T10:22:10.975+0100: 333.632: Total time for which application threads were stopped: 0.0000864 seconds, Stopping threads took: 0.0000379 seconds
2019-01-11T10:22:13.738+0100: 336.396: Total time for which application threads were stopped: 0.0000861 seconds, Stopping threads took: 0.0000365 seconds
2019-01-11T10:22:13.741+0100: 336.399: Total time for which application threads were stopped: 0.0001160 seconds, Stopping threads took: 0.0000697 seconds
2019-01-11T10:22:13.742+0100: 336.399: Total time for which application threads were stopped: 0.0001747 seconds, Stopping threads took: 0.0001185 seconds
2019-01-11T10:22:13.744+0100: 336.402: Total time for which application threads were stopped: 0.0000780 seconds, Stopping threads took: 0.0000310 seconds
2019-01-11T10:22:14.756+0100: 337.413: Total time for which application threads were stopped: 0.0000977 seconds, Stopping threads took: 0.0000390 seconds
2019-01-11T10:22:25.779+0100: 348.436: Total time for which application threads were stopped: 0.0001200 seconds, Stopping threads took: 0.0000270 seconds
2019-01-11T10:22:36.817+0100: 359.474: Total time for which application threads were stopped: 0.0001127 seconds, Stopping threads took: 0.0000361 seconds
2019-01-11T10:23:51.164+0100: 433.821: Total time for which application threads were stopped: 0.0001028 seconds, Stopping threads took: 0.0000314 seconds
2019-01-11T10:24:10.266+0100: 452.923: Total time for which application threads were stopped: 0.0000919 seconds, Stopping threads took: 0.0000343 seconds
2019-01-11T10:24:18.283+0100: 460.940: Total time for which application threads were stopped: 0.0005536 seconds, Stopping threads took: 0.0003636 seconds
2019-01-11T10:24:51.408+0100: 494.066: Total time for which application threads were stopped: 0.0002932 seconds, Stopping threads took: 0.0000368 seconds
2019-01-11T10:25:02.477+0100: 505.133: Total time for which application threads were stopped: 0.0001058 seconds, Stopping threads took: 0.0000339 seconds
2019-01-11T10:25:51.744+0100: 554.402: Total time for which application threads were stopped: 0.0003049 seconds, Stopping threads took: 0.0002513 seconds
2019-01-11T10:26:34.022+0100: 596.679: Total time for which application threads were stopped: 0.0002556 seconds, Stopping threads took: 0.0000339 seconds
2019-01-11T10:26:51.131+0100: 613.788: Total time for which application threads were stopped: 0.0001590 seconds, Stopping threads took: 0.0000445 seconds
2019-01-11T10:27:51.409+0100: 674.066: Total time for which application threads were stopped: 0.0001192 seconds, Stopping threads took: 0.0000503 seconds
2019-01-11T10:28:51.698+0100: 734.355: Total time for which application threads were stopped: 0.0001251 seconds, Stopping threads took: 0.0000470 seconds
2019-01-11T10:29:50.996+0100: 793.653: Total time for which application threads were stopped: 0.0001065 seconds, Stopping threads took: 0.0000372 seconds
2019-01-11T10:31:51.647+0100: 914.304: Total time for which application threads were stopped: 0.0001488 seconds, Stopping threads took: 0.0000511 seconds
2019-01-11T10:35:51.348+0100: 1154.005: Total time for which application threads were stopped: 0.0002666 seconds, Stopping threads took: 0.0000328 seconds
2019-01-11T10:36:59.730+0100: 1222.387: Total time for which application threads were stopped: 0.0001853 seconds, Stopping threads took: 0.0000357 seconds
2019-01-11T10:37:51.911+0100: 1274.568: Total time for which application threads were stopped: 0.0003147 seconds, Stopping threads took: 0.0002348 seconds
2019-01-11T10:38:01.955+0100: 1284.612: Total time for which application threads were stopped: 0.0001389 seconds, Stopping threads took: 0.0000751 seconds
2019-01-11T10:38:51.368+0100: 1334.025: Total time for which application threads were stopped: 0.0001342 seconds, Stopping threads took: 0.0000470 seconds
2019-01-11T10:38:58.427+0100: 1341.084: Total time for which application threads were stopped: 0.0000937 seconds, Stopping threads took: 0.0000438 seconds
2019-01-11T10:39:02.449+0100: 1345.106: Total time for which application threads were stopped: 0.0001076 seconds, Stopping threads took: 0.0000518 seconds
2019-01-11T10:39:08.476+0100: 1351.133: Total time for which application threads were stopped: 0.0000824 seconds, Stopping threads took: 0.0000346 seconds
2019-01-11T10:39:51.810+0100: 1394.467: Total time for which application threads were stopped: 0.0001411 seconds, Stopping threads took: 0.0000423 seconds
2019-01-11T10:42:51.357+0100: 1574.014: Total time for which application threads were stopped: 0.0001612 seconds, Stopping threads took: 0.0000430 seconds
2019-01-11T10:48:51.285+0100: 1933.942: Total time for which application threads were stopped: 0.0001357 seconds, Stopping threads took: 0.0000408 seconds
2019-01-11T10:49:57.808+0100: 2000.475: Total time for which application threads were stopped: 0.0001998 seconds, Stopping threads took: 0.0001327 seconds
2019-01-11T10:49:57.808+0100: 2000.477: Total time for which application threads were stopped: 0.0000667 seconds, Stopping threads took: 0.0000164 seconds
2019-01-11T10:49:57.808+0100: 2000.478: Total time for which application threads were stopped: 0.0001645 seconds, Stopping threads took: 0.0001222 seconds
2019-01-11T10:49:57.808+0100: 2000.478: Total time for which application threads were stopped: 0.0000700 seconds, Stopping threads took: 0.0000244 seconds
2019-01-11T10:49:57.808+0100: 2000.479: Total time for which application threads were stopped: 0.0000583 seconds, Stopping threads took: 0.0000343 seconds
2019-01-11T10:49:57.823+0100: 2000.482: Total time for which application threads were stopped: 0.0001484 seconds, Stopping threads took: 0.0001094 seconds
2019-01-11T10:49:57.823+0100: 2000.485: Total time for which application threads were stopped: 0.0000697 seconds, Stopping threads took: 0.0000233 seconds
2019-01-11T10:49:57.823+0100: 2000.486: Total time for which application threads were stopped: 0.0000540 seconds, Stopping threads took: 0.0000241 seconds
2019-01-11T10:49:57.823+0100: 2000.486: Total time for which application threads were stopped: 0.0000463 seconds, Stopping threads took: 0.0000153 seconds
2019-01-11T10:49:57.823+0100: 2000.493: Total time for which application threads were stopped: 0.0000875 seconds, Stopping threads took: 0.0000343 seconds
2019-01-11T10:49:57.823+0100: 2000.494: Total time for which application threads were stopped: 0.0001703 seconds, Stopping threads took: 0.0001287 seconds
2019-01-11T10:49:57.823+0100: 2000.494: Total time for which application threads were stopped: 0.0000379 seconds, Stopping threads took: 0.0000164 seconds
2019-01-11T10:49:57.823+0100: 2000.495: Total time for which application threads were stopped: 0.0000609 seconds, Stopping threads took: 0.0000394 seconds
2019-01-11T10:49:57.823+0100: 2000.495: Total time for which application threads were stopped: 0.0000456 seconds, Stopping threads took: 0.0000117 seconds
2019-01-11T10:49:57.823+0100: 2000.495: Total time for which application threads were stopped: 0.0001090 seconds, Stopping threads took: 0.0000904 seconds
2019-01-11T10:49:57.823+0100: 2000.495: Total time for which application threads were stopped: 0.0000416 seconds, Stopping threads took: 0.0000113 seconds
2019-01-11T10:49:57.823+0100: 2000.495: Total time for which application threads were stopped: 0.0000532 seconds, Stopping threads took: 0.0000339 seconds
2019-01-11T10:49:57.823+0100: 2000.495: Total time for which application threads were stopped: 0.0000547 seconds, Stopping threads took: 0.0000365 seconds
2019-01-11T10:49:57.823+0100: 2000.496: Total time for which application threads were stopped: 0.0001050 seconds, Stopping threads took: 0.0000868 seconds
2019-01-11T10:49:57.839+0100: 2000.496: Total time for which application threads were stopped: 0.0001382 seconds, Stopping threads took: 0.0001098 seconds
2019-01-11T10:49:57.839+0100: 2000.496: Total time for which application threads were stopped: 0.0001123 seconds, Stopping threads took: 0.0000755 seconds
2019-01-11T10:49:57.839+0100: 2000.496: Total time for which application threads were stopped: 0.0000762 seconds, Stopping threads took: 0.0000576 seconds
2019-01-11T10:49:57.839+0100: 2000.496: Total time for which application threads were stopped: 0.0000959 seconds, Stopping threads took: 0.0000766 seconds
2019-01-11T10:49:57.839+0100: 2000.496: Total time for which application threads were stopped: 0.0000401 seconds, Stopping threads took: 0.0000098 seconds
2019-01-11T10:49:57.839+0100: 2000.497: Total time for which application threads were stopped: 0.0000401 seconds, Stopping threads took: 0.0000098 seconds
2019-01-11T10:49:57.839+0100: 2000.497: Total time for which application threads were stopped: 0.0000985 seconds, Stopping threads took: 0.0000791 seconds
2019-01-11T10:49:57.839+0100: 2000.497: Total time for which application threads were stopped: 0.0000416 seconds, Stopping threads took: 0.0000109 seconds
2019-01-11T10:49:57.839+0100: 2000.497: Total time for which application threads were stopped: 0.0000511 seconds, Stopping threads took: 0.0000193 seconds
2019-01-11T10:49:57.839+0100: 2000.497: Total time for which application threads were stopped: 0.0000390 seconds, Stopping threads took: 0.0000193 seconds
2019-01-11T10:49:57.839+0100: 2000.497: Total time for which application threads were stopped: 0.0000292 seconds, Stopping threads took: 0.0000120 seconds
2019-01-11T10:49:57.839+0100: 2000.497: Total time for which application threads were stopped: 0.0000303 seconds, Stopping threads took: 0.0000120 seconds
2019-01-11T10:49:57.839+0100: 2000.497: Total time for which application threads were stopped: 0.0000401 seconds, Stopping threads took: 0.0000201 seconds
2019-01-11T10:49:57.839+0100: 2000.497: Total time for which application threads were stopped: 0.0000277 seconds, Stopping threads took: 0.0000109 seconds
2019-01-11T10:49:57.839+0100: 2000.497: Total time for which application threads were stopped: 0.0000284 seconds, Stopping threads took: 0.0000113 seconds
2019-01-11T10:49:57.839+0100: 2000.497: Total time for which application threads were stopped: 0.0000274 seconds, Stopping threads took: 0.0000106 seconds
2019-01-11T10:49:57.839+0100: 2000.498: Total time for which application threads were stopped: 0.0000274 seconds, Stopping threads took: 0.0000106 seconds
2019-01-11T10:49:57.839+0100: 2000.498: Total time for which application threads were stopped: 0.0000270 seconds, Stopping threads took: 0.0000102 seconds
2019-01-11T10:49:57.839+0100: 2000.498: Total time for which application threads were stopped: 0.0000438 seconds, Stopping threads took: 0.0000113 seconds
2019-01-11T10:49:57.839+0100: 2000.498: Total time for which application threads were stopped: 0.0000277 seconds, Stopping threads took: 0.0000109 seconds
2019-01-11T10:49:57.839+0100: 2000.498: Total time for which application threads were stopped: 0.0000376 seconds, Stopping threads took: 0.0000179 seconds
2019-01-11T10:49:57.839+0100: 2000.498: Total time for which application threads were stopped: 0.0000281 seconds, Stopping threads took: 0.0000109 seconds
2019-01-11T10:49:57.839+0100: 2000.498: Total time for which application threads were stopped: 0.0000354 seconds, Stopping threads took: 0.0000128 seconds
2019-01-11T10:49:57.839+0100: 2000.498: Total time for which application threads were stopped: 0.0000295 seconds, Stopping threads took: 0.0000117 seconds
2019-01-11T10:49:57.839+0100: 2000.499: Total time for which application threads were stopped: 0.0000503 seconds, Stopping threads took: 0.0000270 seconds
2019-01-11T10:49:57.839+0100: 2000.499: Total time for which application threads were stopped: 0.0000405 seconds, Stopping threads took: 0.0000204 seconds
2019-01-11T10:49:57.839+0100: 2000.499: Total time for which application threads were stopped: 0.0000394 seconds, Stopping threads took: 0.0000201 seconds
2019-01-11T10:49:57.839+0100: 2000.499: Total time for which application threads were stopped: 0.0000397 seconds, Stopping threads took: 0.0000201 seconds
2019-01-11T10:49:57.839+0100: 2000.499: Total time for which application threads were stopped: 0.0000383 seconds, Stopping threads took: 0.0000190 seconds
2019-01-11T10:49:57.839+0100: 2000.501: Total time for which application threads were stopped: 0.0000605 seconds, Stopping threads took: 0.0000157 seconds
2019-01-11T10:49:57.839+0100: 2000.501: Total time for which application threads were stopped: 0.0000609 seconds, Stopping threads took: 0.0000131 seconds
2019-01-11T10:49:57.839+0100: 2000.501: Total time for which application threads were stopped: 0.0000459 seconds, Stopping threads took: 0.0000241 seconds
2019-01-11T10:49:57.839+0100: 2000.502: Total time for which application threads were stopped: 0.0001918 seconds, Stopping threads took: 0.0000222 seconds
2019-01-11T10:49:57.839+0100: 2000.503: Total time for which application threads were stopped: 0.0001207 seconds, Stopping threads took: 0.0000828 seconds
2019-01-11T10:49:57.839+0100: 2000.503: Total time for which application threads were stopped: 0.0000419 seconds, Stopping threads took: 0.0000117 seconds
2019-01-11T10:49:57.839+0100: 2000.503: Total time for which application threads were stopped: 0.0000839 seconds, Stopping threads took: 0.0000102 seconds
Heap
 par new generation   total 109248K, used 65825K [0x00000000e0000000, 0x00000000e8000000, 0x00000000e8000000)
  eden space 87424K,  51% used [0x00000000e0000000, 0x00000000e2bad980, 0x00000000e5560000)
  from space 21824K,  96% used [0x00000000e6ab0000, 0x00000000e7f4acb8, 0x00000000e8000000)
  to   space 21824K,   0% used [0x00000000e5560000, 0x00000000e5560000, 0x00000000e6ab0000)
 concurrent mark-sweep generation total 393216K, used 5659K [0x00000000e8000000, 0x0000000100000000, 0x0000000100000000)
 Metaspace       used 44471K, capacity 45871K, committed 46148K, reserved 1089536K
  class space    used 5561K, capacity 5889K, committed 5984K, reserved 1048576K
